
Running 217 tests using 6 workers

  ok   3 [chromium] › tests\e2e\03-sync-queue.spec.js:38:5 › Sync Queue - Basic Operations › should initialize empty sync queue on first load (6.6s)
  ok   2 [chromium] › tests\e2e\05-deduplication.spec.js:34:5 › Deduplication - Duplicate Detection › should detect exact duplicates (same timestamp, dose, site) (7.1s)
  ok   5 [chromium] › tests\e2e\04-pending-deletions.spec.js:40:5 › Pending Deletions - Basic Operations › should initialize empty pending deletions on first load (9.0s)
  ok   6 [chromium] › tests\e2e\06-fix-summary-regressions.spec.js:42:5 › FIX_SUMMARY Regression - Bug #1: Deduplication Property Names › should use snake_case properties (dose_mg, injection_site) in deduplication key (6.1s)
  ok   7 [chromium] › tests\e2e\03-sync-queue.spec.js:43:5 › Sync Queue - Basic Operations › should persist sync queue in localStorage (4.0s)
  ok   8 [chromium] › tests\e2e\05-deduplication.spec.js:87:5 › Deduplication - Duplicate Detection › should NOT detect different timestamps as duplicates (4.5s)
  ok   4 [chromium] › tests\e2e\01-injection-crud.spec.js:51:5 › Injection CRUD Operations › CREATE Operations › should create a valid injection with all fields (11.2s)
  ok  10 [chromium] › tests\e2e\06-fix-summary-regressions.spec.js:111:5 › FIX_SUMMARY Regression - Bug #1: Deduplication Property Names › should NOT create broken keys with camelCase properties (4.9s)
  ok   9 [chromium] › tests\e2e\04-pending-deletions.spec.js:45:5 › Pending Deletions - Basic Operations › should persist pending deletions in localStorage (5.6s)
  ok  11 [chromium] › tests\e2e\03-sync-queue.spec.js:66:5 › Sync Queue - Basic Operations › should track operation status (pending → completed) (4.3s)
  ok  12 [chromium] › tests\e2e\05-deduplication.spec.js:136:5 › Deduplication - Duplicate Detection › should NOT detect different doses as duplicates (4.4s)
  ok  15 [chromium] › tests\e2e\04-pending-deletions.spec.js:62:5 › Pending Deletions - Basic Operations › should add item with 120-second expiry (default TTL) (3.1s)
  ok  16 [chromium] › tests\e2e\03-sync-queue.spec.js:99:5 › Sync Queue - Basic Operations › should track operation status (pending → failed after max retries) (4.0s)
  ok  13 [chromium] › tests\e2e\01-injection-crud.spec.js:96:5 › Injection CRUD Operations › CREATE Operations › should create injection without optional fields (6.5s)
  ok  17 [chromium] › tests\e2e\05-deduplication.spec.js:186:5 › Deduplication - Duplicate Detection › should NOT detect different sites as duplicates (3.9s)
  ok  18 [chromium] › tests\e2e\04-pending-deletions.spec.js:81:5 › Pending Deletions - Basic Operations › should remove item from pending deletions (3.6s)
  ok  19 [chromium] › tests\e2e\03-sync-queue.spec.js:128:5 › Sync Queue - Retry Logic › should increment retry count on failure (3.6s)
  ok  21 [chromium] › tests\e2e\05-deduplication.spec.js:236:5 › Deduplication - Duplicate Detection › should detect multiple sets of duplicates (4.5s)
  ok  23 [chromium] › tests\e2e\03-sync-queue.spec.js:159:5 › Sync Queue - Retry Logic › should support exponential backoff delays (1s, 2s, 4s, 8s, 16s) (2.6s)
  ok  22 [chromium] › tests\e2e\04-pending-deletions.spec.js:102:5 › Pending Deletions - Basic Operations › should check if item exists in pending deletions (3.8s)
  ok  24 [chromium] › tests\e2e\05-deduplication.spec.js:320:5 › Deduplication - Record Selection › should keep most complete record (with notes, weight, vial) (2.7s)
  ok  26 [chromium] › tests\e2e\04-pending-deletions.spec.js:118:5 › Pending Deletions - Basic Operations › should return false for non-existent items (2.8s)
  ok  25 [chromium] › tests\e2e\03-sync-queue.spec.js:176:5 › Sync Queue - Retry Logic › should mark as failed after 5 retry attempts (2.9s)
  ok  27 [chromium] › tests\e2e\05-deduplication.spec.js:399:5 › Deduplication - Record Selection › should prefer record with notes over no notes (3.2s)
  ok  28 [chromium] › tests\e2e\04-pending-deletions.spec.js:138:5 › Pending Deletions - Expiry Management › should cleanup expired deletions on initialization (3.8s)
  ok  29 [chromium] › tests\e2e\03-sync-queue.spec.js:205:5 › Sync Queue - Retry Logic › should allow manual retry of failed operations (4.3s)
  ok  30 [chromium] › tests\e2e\05-deduplication.spec.js:466:5 › Deduplication - Record Selection › should prefer record with weight over no weight (3.0s)
  ok  31 [chromium] › tests\e2e\04-pending-deletions.spec.js:172:5 › Pending Deletions - Expiry Management › should return false for expired items when checking existence (3.1s)
  ok  32 [chromium] › tests\e2e\03-sync-queue.spec.js:244:5 › Sync Queue - Queue Management › should cleanup completed operations older than 1 hour (2.8s)
  ok  33 [chromium] › tests\e2e\05-deduplication.spec.js:533:5 › Deduplication - Record Selection › should handle identical completeness scores (keeps first) (3.2s)
  ok  34 [chromium] › tests\e2e\04-pending-deletions.spec.js:199:5 › Pending Deletions - Expiry Management › should return true for non-expired items (2.5s)
  ok  35 [chromium] › tests\e2e\03-sync-queue.spec.js:313:5 › Sync Queue - Queue Management › should support multiple operation types in queue (2.9s)
  ok  36 [chromium] › tests\e2e\05-deduplication.spec.js:606:5 › Deduplication - Data Cleanup › should remove duplicates from localStorage (2.5s)
  ok  37 [chromium] › tests\e2e\04-pending-deletions.spec.js:226:5 › Pending Deletions - Expiry Management › should handle items expiring at different times (2.5s)
  ok  38 [chromium] › tests\e2e\03-sync-queue.spec.js:369:5 › Sync Queue - Queue Management › should maintain queue order (FIFO) (2.7s)
  x   20 [chromium] › tests\e2e\01-injection-crud.spec.js:119:5 › Injection CRUD Operations › CREATE Operations › should show injection in table after creation (12.4s)
  ok  39 [chromium] › tests\e2e\05-deduplication.spec.js:684:5 › Deduplication - Data Cleanup › should handle no duplicates gracefully (2.5s)
  ok  40 [chromium] › tests\e2e\04-pending-deletions.spec.js:254:5 › Pending Deletions - Resurrection Prevention › should prevent syncing items in pending deletion window (2.6s)
  x    1 [chromium] › tests\e2e\02-vial-crud.spec.js:51:5 › Vial CRUD Operations › CREATE Operations - Dry Stock › should create a dry stock vial with all fields (37.7s)
  ok  41 [chromium] › tests\e2e\03-sync-queue.spec.js:415:5 › Sync Queue - Queue Management › should provide queue status summary (2.8s)
  ok  42 [chromium] › tests\e2e\05-deduplication.spec.js:741:5 › Deduplication - Data Cleanup › should persist deduplication across reloads (3.8s)
  ok  43 [chromium] › tests\e2e\04-pending-deletions.spec.js:275:5 › Pending Deletions - Resurrection Prevention › should allow sync after expiry window passes (3.6s)
  x   44 [chromium] › tests\e2e\03-sync-queue.spec.js:479:5 › Sync Queue - Edge Cases › should handle corrupted queue gracefully (3.4s)
  ok  46 [chromium] › tests\e2e\04-pending-deletions.spec.js:312:5 › Pending Deletions - Resurrection Prevention › should handle multiple entities in pending deletion (2.7s)
  ok  45 [chromium] › tests\e2e\07-weight-crud.spec.js:40:5 › Weight CRUD - CREATE Operations › should create a weight entry with all fields (4.0s)
  ok  48 [chromium] › tests\e2e\04-pending-deletions.spec.js:332:5 › Pending Deletions - Resurrection Prevention › should remove from pending deletions when user cancels deletion (3.2s)
  ok  49 [chromium] › tests\e2e\07-weight-crud.spec.js:67:5 › Weight CRUD - CREATE Operations › should create weight with minimal fields (weight only) (5.2s)
  ok  52 [chromium] › tests\e2e\07-weight-crud.spec.js:89:5 › Weight CRUD - CREATE Operations › should auto-calculate weight_lbs from weight_kg (4.0s)
  x   14 [chromium] › tests\e2e\06-fix-summary-regressions.spec.js:170:5 › FIX_SUMMARY Regression - Bug #2: Form Reset After Submission › should reset form after successful submission (prevents accidental duplicates) (36.6s)
  ok  53 [chromium] › tests\e2e\03-sync-queue.spec.js:492:5 › Sync Queue - Edge Cases › should handle missing queue gracefully (2.7s)
  ok  54 [chromium] › tests\e2e\07-weight-crud.spec.js:110:5 › Weight CRUD - CREATE Operations › should set source to "manual" for user-entered weights (3.7s)
  ok  55 [chromium] › tests\e2e\03-sync-queue.spec.js:505:5 › Sync Queue - Edge Cases › should handle queue with missing fields (2.7s)
  ok  57 [chromium] › tests\e2e\03-sync-queue.spec.js:521:5 › Sync Queue - Edge Cases › should handle empty queue operations (2.5s)
  ok  56 [chromium] › tests\e2e\07-weight-crud.spec.js:128:5 › Weight CRUD - CREATE Operations › should generate unique ID for each weight (4.7s)
  ok  59 [chromium] › tests\e2e\03-sync-queue.spec.js:530:5 › Sync Queue - Edge Cases › should persist queue across multiple reloads (4.1s)
  x   60 [chromium] › tests\e2e\07-weight-crud.spec.js:167:5 › Weight CRUD - BMI Calculation › should calculate BMI when height is set in settings (3.9s)
  ok  61 [chromium] › tests\e2e\08-calculations.spec.js:36:5 › Calculations - Medication Level › should calculate medication level with single injection (2.4s)
  ok  62 [chromium] › tests\e2e\08-calculations.spec.js:61:5 › Calculations - Medication Level › should calculate correct level at half-life (50% remaining) (2.0s)
  x   63 [chromium] › tests\e2e\08-calculations.spec.js:81:5 › Calculations - Medication Level › should calculate sum of multiple injections (2.0s)
  ok  64 [chromium] › tests\e2e\07-weight-crud.spec.js:192:5 › Weight CRUD - BMI Calculation › should NOT calculate BMI when height is not set (2.8s)
  ok  65 [chromium] › tests\e2e\08-calculations.spec.js:114:5 › Calculations - Medication Level › should return 0 when no injections (2.8s)
  x   66 [chromium] › tests\e2e\07-weight-crud.spec.js:211:5 › Weight CRUD - BMI Calculation › should calculate correct BMI for different heights (4.3s)
  x   47 [chromium] › tests\e2e\01-injection-crud.spec.js:145:5 › Injection CRUD Operations › CREATE Operations › should reset form after successful submission (FIX_SUMMARY bug) (34.2s)
  ok  67 [chromium] › tests\e2e\08-calculations.spec.js:127:5 › Calculations - Medication Level › should skip injections with missing timestamp (2.7s)
  x   50 [chromium] › tests\e2e\02-vial-crud.spec.js:87:5 › Vial CRUD Operations › CREATE Operations - Dry Stock › should create dry stock with minimal fields (33.5s)
  ok  68 [chromium] › tests\e2e\08-calculations.spec.js:146:5 › Calculations - Medication Level › should skip injections with missing dose_mg (1.9s)
  x   51 [chromium] › tests\e2e\04-pending-deletions.spec.js:361:5 › Pending Deletions - Edge Cases › should handle corrupted pending deletions gracefully (35.9s)
  ok  69 [chromium] › tests\e2e\08-calculations.spec.js:163:5 › Calculations - Medication Level › should skip injections with negative dose (2.4s)
  ok  70 [chromium] › tests\e2e\07-weight-crud.spec.js:247:5 › Weight CRUD - DELETE Operations › should delete a weight entry (3.2s)
  ok  72 [chromium] › tests\e2e\08-calculations.spec.js:180:5 › Calculations - Medication Level › should ignore future injections (2.8s)
  ok  71 [chromium] › tests\e2e\01-injection-crud.spec.js:179:5 › Injection CRUD Operations › VALIDATION › should reject injection with dose too high (6.2s)
  ok  74 [chromium] › tests\e2e\07-weight-crud.spec.js:268:5 › Weight CRUD - DELETE Operations › should add deleted weight to pending_deletions (3.1s)
  ok  75 [chromium] › tests\e2e\08-calculations.spec.js:205:5 › Calculations - Medication Level › should handle very old injections (near zero) (4.0s)
  ok  76 [chromium] › tests\e2e\04-pending-deletions.spec.js:380:5 › Pending Deletions - Edge Cases › should handle missing pending_deletions key (4.2s)
  ok  79 [chromium] › tests\e2e\08-calculations.spec.js:233:5 › Calculations - Supply Forecast › should calculate supply from single active vial (3.6s)
  ok  78 [chromium] › tests\e2e\07-weight-crud.spec.js:290:5 › Weight CRUD - DELETE Operations › should persist deletion across reload (5.6s)
  ok  77 [chromium] › tests\e2e\01-injection-crud.spec.js:205:5 › Injection CRUD Operations › VALIDATION › should reject injection with negative dose (6.5s)
  ok  80 [chromium] › tests\e2e\04-pending-deletions.spec.js:391:5 › Pending Deletions - Edge Cases › should handle invalid expiry timestamps (3.1s)
  ok  82 [chromium] › tests\e2e\07-weight-crud.spec.js:310:5 › Weight CRUD - DELETE Operations › should delete from multiple weights correctly (3.4s)
  ok  81 [chromium] › tests\e2e\08-calculations.spec.js:256:5 › Calculations - Supply Forecast › should calculate supply from dry stock vial (3.6s)
  ok  83 [chromium] › tests\e2e\01-injection-crud.spec.js:228:5 › Injection CRUD Operations › VALIDATION › should reject injection without vial selected (5.3s)
  ok  84 [chromium] › tests\e2e\04-pending-deletions.spec.js:406:5 › Pending Deletions - Edge Cases › should handle very large numbers of pending deletions (3.7s)
  ok  86 [chromium] › tests\e2e\08-calculations.spec.js:276:5 › Calculations - Supply Forecast › should calculate supply from mixed active and dry stock (4.0s)
  ok  85 [chromium] › tests\e2e\07-weight-crud.spec.js:342:5 › Weight CRUD - DATA PERSISTENCE › should persist weights across reload (5.8s)
  ok  87 [chromium] › tests\e2e\01-injection-crud.spec.js:248:5 › Injection CRUD Operations › VALIDATION › should only show vials with available volume in dropdown (5.3s)
  ok  89 [chromium] › tests\e2e\08-calculations.spec.js:303:5 › Calculations - Supply Forecast › should return 0 when no vials (3.9s)
  ok  88 [chromium] › tests\e2e\04-pending-deletions.spec.js:422:5 › Pending Deletions - Edge Cases › should persist across multiple reloads (4.9s)
  ok  93 [chromium] › tests\e2e\04-pending-deletions.spec.js:437:5 › Pending Deletions - Edge Cases › should handle clearing all pending deletions (2.9s)
  x   58 [chromium] › tests\e2e\06-fix-summary-regressions.spec.js:206:5 › FIX_SUMMARY Regression - Bug #2: Form Reset After Submission › should not create duplicates from confused users (full scenario) (37.9s)
  ok  92 [chromium] › tests\e2e\08-calculations.spec.js:317:5 › Calculations - Supply Forecast › should skip vials with invalid concentration (3.3s)
  x   90 [chromium] › tests\e2e\07-weight-crud.spec.js:364:5 › Weight CRUD - DATA PERSISTENCE › should maintain weight order by timestamp (newest first) (3.9s)
  ok  94 [chromium] › tests\e2e\04-pending-deletions.spec.js:456:5 › Pending Deletions - Edge Cases › should return correct size of pending deletions (2.6s)
  ok  95 [chromium] › tests\e2e\08-calculations.spec.js:347:5 › Calculations - Supply Forecast › should skip vials with invalid volume (3.3s)
  ok  96 [chromium] › tests\e2e\09-visual-validation.spec.js:39:5 › Visual Validation - Supply Forecast Indicators › should show success indicator when supply > 4 weeks (2.9s)
  ok  97 [chromium] › tests\e2e\08-calculations.spec.js:375:5 › Calculations - Supply Forecast › should ignore empty vials (2.5s)
  ok 100 [chromium] › tests\e2e\08-calculations.spec.js:401:5 › Calculations - Supply Forecast › should handle large planned dose (3.2s)
  x   73 [chromium] › tests\e2e\02-vial-crud.spec.js:105:5 › Vial CRUD Operations › CREATE Operations - Dry Stock › should show dry stock vial in inventory table (30.7s)
  ok 102 [chromium] › tests\e2e\08-calculations.spec.js:421:5 › Calculations - Supply Forecast › should reject invalid planned dose (2.8s)
  x   99 [chromium] › tests\e2e\09-visual-validation.spec.js:62:5 › Visual Validation - Supply Forecast Indicators › should show warning indicator when supply < 4 weeks (3.3s)
  ok 101 [chromium] › tests\e2e\07-weight-crud.spec.js:384:5 › Weight CRUD - DATA PERSISTENCE › should handle empty weight array (3.7s)
  ok 104 [chromium] › tests\e2e\07-weight-crud.spec.js:392:5 › Weight CRUD - DATA PERSISTENCE › should preserve all weight properties after reload (2.5s)
  x  103 [chromium] › tests\e2e\08-calculations.spec.js:448:5 › Calculations - BMI Edge Cases › should calculate BMI at extreme low height (140cm) (2.9s)
  ok 105 [chromium] › tests\e2e\07-weight-crud.spec.js:422:5 › Weight CRUD - VALIDATION › should validate weight_kg is positive (4.0s)
  ok 107 [chromium] › tests\e2e\09-visual-validation.spec.js:81:5 › Visual Validation - Supply Forecast Indicators › should show error indicator when no vials (3.9s)
  x  106 [chromium] › tests\e2e\02-vial-crud.spec.js:125:5 › Vial CRUD Operations › ACTIVATE Operations - Reconstitution › should activate a dry stock vial (4.6s)
  x  108 [chromium] › tests\e2e\07-weight-crud.spec.js:439:5 › Weight CRUD - VALIDATION › should validate weight_kg is not zero (3.7s)
  ok 109 [chromium] › tests\e2e\09-visual-validation.spec.js:91:5 › Visual Validation - Supply Forecast Indicators › should show validation indicators for all forecast metrics (2.7s)
  x  110 [chromium] › tests\e2e\08-calculations.spec.js:467:5 › Calculations - BMI Edge Cases › should calculate BMI at extreme high height (220cm) (2.7s)
  ok 111 [chromium] › tests\e2e\09-visual-validation.spec.js:123:5 › Visual Validation - Weight Change Indicators › should show BMI validation indicator when height is set (2.8s)
  ok 112 [chromium] › tests\e2e\09-visual-validation.spec.js:137:5 › Visual Validation - Weight Change Indicators › should show weight change validation indicators (3.1s)
  ok 115 [chromium] › tests\e2e\09-visual-validation.spec.js:163:5 › Visual Validation - Weight Change Indicators › should show goal progress indicator when goal is set (3.4s)
  ok 114 [chromium] › tests\e2e\07-weight-crud.spec.js:456:5 › Weight CRUD - VALIDATION › should validate weight_kg is realistic (not > 500kg) (4.0s)
  ok 117 [chromium] › tests\e2e\09-visual-validation.spec.js:185:5 › Visual Validation - UI State › should show all navigation tabs (3.1s)
  x   91 [chromium] › tests\e2e\01-injection-crud.spec.js:292:5 › Injection CRUD Operations › VALIDATION › should validate all injection site values (34.7s)
  x  116 [chromium] › tests\e2e\08-calculations.spec.js:485:5 › Calculations - BMI Edge Cases › should calculate BMI at low weight (40kg) (3.7s)
  ok 118 [chromium] › tests\e2e\07-weight-crud.spec.js:476:5 › Weight CRUD - VALIDATION › should validate body_fat_percentage is 0-100 (4.0s)
  x  113 [chromium] › tests\e2e\02-vial-crud.spec.js:164:5 › Vial CRUD Operations › ACTIVATE Operations - Reconstitution › should calculate concentration correctly (5.2s)
  ok 119 [chromium] › tests\e2e\09-visual-validation.spec.js:200:5 › Visual Validation - UI State › should show active tab correctly (3.0s)
  x   98 [chromium] › tests\e2e\06-fix-summary-regressions.spec.js:252:5 › FIX_SUMMARY Regression - Bug #3: Input Validation › should validate dose is between 0-50mg (32.4s)
  ok 120 [chromium] › tests\e2e\07-weight-crud.spec.js:494:5 › Weight CRUD - VALIDATION › should require weight_kg field (3.4s)
  ok 121 [chromium] › tests\e2e\09-visual-validation.spec.js:214:5 › Visual Validation - UI State › should show empty state when no data (2.9s)
  x  122 [chromium] › tests\e2e\07-weight-crud.spec.js:519:5 › Weight CRUD - Weight Tracking › should track weight history over time (2.3s)
  x  123 [chromium] › tests\e2e\09-visual-validation.spec.js:232:5 › Visual Validation - UI State › should show data rows when data exists (2.7s)
  x  125 [chromium] › tests\e2e\08-calculations.spec.js:503:5 › Calculations - BMI Edge Cases › should calculate BMI at high weight (150kg) (3.5s)
  x  126 [chromium] › tests\e2e\02-vial-crud.spec.js:196:5 › Vial CRUD Operations › ACTIVATE Operations - Reconstitution › should calculate expiration date (30 days after reconstitution) (4.0s)
  ok 129 [chromium] › tests\e2e\09-visual-validation.spec.js:254:5 › Visual Validation - UI State › should hide modal by default (3.4s)
  x  124 [chromium] › tests\e2e\01-injection-crud.spec.js:325:5 › Injection CRUD Operations › DELETE Operations › should delete an injection (11.1s)
  x  130 [chromium] › tests\e2e\08-calculations.spec.js:521:5 › Calculations - BMI Edge Cases › should handle BMI categories correctly (3.7s)
  x  128 [chromium] › tests\e2e\07-weight-crud.spec.js:539:5 › Weight CRUD - Weight Tracking › should calculate weight change (first - last) (3.5s)
  ok 134 [chromium] › tests\e2e\08-calculations.spec.js:546:5 › Calculations - BMI Edge Cases › should NOT calculate BMI when height is null (3.0s)
  x  135 [chromium] › tests\e2e\07-weight-crud.spec.js:556:5 › Weight CRUD - Weight Tracking › should handle weight gain (negative change) (3.2s)
  ok 136 [chromium] › tests\e2e\08-calculations.spec.js:561:5 › Calculations - BMI Edge Cases › should NOT calculate BMI when height is undefined (1.8s)
  ok 138 [chromium] › tests\e2e\10-chart-rendering.spec.js:37:5 › Chart Rendering - Weight Chart › should render chart canvas on results tab (2.3s)
  ok 139 [chromium] › tests\e2e\10-chart-rendering.spec.js:51:5 › Chart Rendering - Weight Chart › should initialize Chart.js instance (2.2s)
  ok 140 [chromium] › tests\e2e\10-chart-rendering.spec.js:68:5 › Chart Rendering - Weight Chart › should render chart with multiple data points (2.1s)
  ok 141 [chromium] › tests\e2e\10-chart-rendering.spec.js:109:5 › Chart Rendering - Weight Chart › should render chart with single data point (2.3s)
  x  142 [chromium] › tests\e2e\10-chart-rendering.spec.js:129:5 › Chart Rendering - Weight Chart › should handle empty chart (no weights) (1.9s)
  x  127 [chromium] › tests\e2e\06-fix-summary-regressions.spec.js:281:5 › FIX_SUMMARY Regression - Bug #3: Input Validation › should require vial selection (31.8s)
  ok 143 [chromium] › tests\e2e\10-chart-rendering.spec.js:150:5 › Chart Rendering - Weight Chart › should update chart when data changes (3.3s)
  ok 145 [chromium] › tests\e2e\10-chart-rendering.spec.js:205:5 › Chart Rendering - Weight Chart › should render chart with time-based x-axis (1.7s)
  ok 146 [chromium] › tests\e2e\10-chart-rendering.spec.js:233:5 › Chart Rendering - Weight Chart › should display weight values in chart data (1.8s)
  ok 147 [chromium] › tests\e2e\10-chart-rendering.spec.js:260:5 › Chart Rendering - Weight Chart › should sort data points by timestamp (2.2s)
  x  131 [chromium] › tests\e2e\09-visual-validation.spec.js:262:5 › Visual Validation - UI State › should show modal when opened (33.2s)
  x  132 [chromium] › tests\e2e\02-vial-crud.spec.js:226:5 › Vial CRUD Operations › USAGE TRACKING › should decrease remaining_ml when injection uses vial (33.5s)
  ok 148 [chromium] › tests\e2e\10-chart-rendering.spec.js:312:5 › Chart Rendering - Chart Container › should have chart container on results tab (2.2s)
  x  133 [chromium] › tests\e2e\01-injection-crud.spec.js:358:5 › Injection CRUD Operations › DELETE Operations › should persist deletion after page reload (33.0s)
  x  149 [chromium] › tests\e2e\10-chart-rendering.spec.js:321:5 › Chart Rendering - Chart Container › should have canvas element inside container (2.2s)
  x  137 [chromium] › tests\e2e\11-settings.spec.js:36:5 › Settings - Height Configuration › should save height setting (33.1s)
  ok 152 [chromium] › tests\e2e\01-injection-crud.spec.js:392:5 › Injection CRUD Operations › DATA PERSISTENCE › should persist injection data across page reloads (3.6s)
  ok 153 [chromium] › tests\e2e\10-chart-rendering.spec.js:330:5 › Chart Rendering - Chart Container › should have chart title or heading (2.4s)
  ok 155 [chromium] › tests\e2e\10-chart-rendering.spec.js:355:5 › Chart Rendering - Chart Responsiveness › should render chart at default viewport (3.0s)
  ok 154 [chromium] › tests\e2e\01-injection-crud.spec.js:421:5 › Injection CRUD Operations › DATA PERSISTENCE › should maintain injection order by timestamp (3.3s)
  ok 158 [chromium] › tests\e2e\10-chart-rendering.spec.js:374:5 › Chart Rendering - Chart Responsiveness › should maintain aspect ratio (2.6s)
  ok 157 [chromium] › tests\e2e\01-injection-crud.spec.js:452:5 › Injection CRUD Operations › VIAL INTEGRATION › should update vial remaining volume after injection (4.0s)
  x  159 [chromium] › tests\smoke\pre-deploy.spec.js:38:3 › Pre-Deployment Smoke Tests › APP LOADS: Application loads without JavaScript errors (1.2s)
  ok 160 [chromium] › tests\e2e\01-injection-crud.spec.js:488:5 › Injection CRUD Operations › VIAL INTEGRATION › should track injection count on vial (4.6s)
  x  161 [chromium] › tests\smoke\pre-deploy.spec.js:61:3 › Pre-Deployment Smoke Tests › INJECTION CREATE: Can add a new injection (2.1s)
  x  144 [chromium] › tests\e2e\06-fix-summary-regressions.spec.js:309:5 › FIX_SUMMARY Regression - Bug #3: Input Validation › should reject NaN values (34.0s)
  ok 162 [chromium] › tests\e2e\01-injection-crud.spec.js:525:5 › Injection CRUD Operations › DUPLICATE PREVENTION › should detect duplicate injections (same timestamp, dose, site) (3.3s)
  x  163 [chromium] › tests\smoke\pre-deploy.spec.js:92:3 › Pre-Deployment Smoke Tests › VIAL CREATE: Can add a new vial (1.6s)
  ok 164 [chromium] › tests\e2e\06-fix-summary-regressions.spec.js:343:5 › FIX_SUMMARY Regression - Bug #4: Deletions Stick › should use 120-second (120000ms) pending deletion window (2.2s)
  ok 165 [chromium] › tests\e2e\06-fix-summary-regressions.spec.js:372:5 › FIX_SUMMARY Regression - Bug #4: Deletions Stick › should prevent race condition during cloud sync (1.7s)
  x  166 [chromium] › tests\smoke\pre-deploy.spec.js:117:3 › Pre-Deployment Smoke Tests › WEIGHT CREATE: Can add a new weight entry (1.5s)
  ok 167 [chromium] › tests\e2e\06-fix-summary-regressions.spec.js:422:5 › FIX_SUMMARY Regression - Bug #4: Deletions Stick › should allow sync AFTER 120-second window expires (1.8s)
  x  150 [chromium] › tests\e2e\09-visual-validation.spec.js:277:5 › Visual Validation - UI State › should show form validation state (invalid input) (33.0s)
  x  151 [chromium] › tests\e2e\02-vial-crud.spec.js:262:5 › Vial CRUD Operations › USAGE TRACKING › should track multiple injections from same vial (32.5s)
  x  169 [chromium] › tests\smoke\pre-deploy.spec.js:140:3 › Pre-Deployment Smoke Tests › DATA PERSISTENCE: Data survives page reload (1.4s)
  ok 170 [chromium] › tests\e2e\09-visual-validation.spec.js:303:5 › Visual Validation - Tooltips and Help Text › should show tooltip for warning indicators (2.8s)
  x  172 [chromium] › tests\smoke\pre-deploy.spec.js:165:3 › Pre-Deployment Smoke Tests › SYNC QUEUE: Sync queue initializes correctly (1.9s)
  x  156 [chromium] › tests\e2e\11-settings.spec.js:57:5 › Settings - Height Configuration › should persist height across reload (31.0s)
  ok 173 [chromium] › tests\e2e\09-visual-validation.spec.js:322:5 › Visual Validation - Tooltips and Help Text › should show help text in settings (2.3s)
  ok 174 [chromium] › tests\e2e\09-visual-validation.spec.js:348:5 › Visual Validation - Stat Cards › should render stat cards on inventory tab (2.1s)
  x  175 [chromium] › tests\smoke\pre-deploy.spec.js:179:3 › Pre-Deployment Smoke Tests › VALIDATION: Form validation prevents invalid data (1.8s)
  ok 176 [chromium] › tests\e2e\09-visual-validation.spec.js:366:5 › Visual Validation - Stat Cards › should render stat cards on results tab (2.7s)
  x  177 [chromium] › tests\e2e\11-settings.spec.js:68:5 › Settings - Height Configuration › should affect BMI calculation when height is set (2.4s)
  ok 178 [chromium] › tests\e2e\09-visual-validation.spec.js:379:5 › Visual Validation - Stat Cards › should show error state on stat card when error exists (2.3s)
  x  179 [chromium] › tests\smoke\pre-deploy.spec.js:209:3 › Pre-Deployment Smoke Tests › TABS: All tabs are clickable and functional (1.3s)
  ok 181 [chromium] › tests\e2e\11-settings.spec.js:86:5 › Settings - Height Configuration › should NOT calculate BMI when height is not set (1.7s)
  x  183 [chromium] › tests\smoke\pre-deploy.spec.js:224:3 › Pre-Deployment Smoke Tests › DEDUPLICATION: Duplicate detection works (1.2s)
  x  184 [chromium] › tests\smoke\pre-deploy.spec.js:264:3 › Pre-Deployment Smoke Tests › CRITICAL PATHS: No errors in console during basic operations (955ms)
  x  168 [chromium] › tests\e2e\06-fix-summary-regressions.spec.js:478:5 › FIX_SUMMARY Regression - Integration Test › should prevent all FIX_SUMMARY bugs in realistic workflow (31.1s)
  x  171 [chromium] › tests\e2e\02-vial-crud.spec.js:295:5 › Vial CRUD Operations › USAGE TRACKING › should sync both remaining_ml and current_volume_ml (Phase 1A fix) (30.7s)
  x  180 [chromium] › tests\e2e\09-visual-validation.spec.js:397:5 › Visual Validation - Loading States › should show save indicator after data save (31.3s)
  ok 186 [chromium] › tests\e2e\09-visual-validation.spec.js:419:5 › Visual Validation - Loading States › should initialize without loading errors (1.6s)
  x  182 [chromium] › tests\e2e\11-settings.spec.js:101:5 › Settings - Height Configuration › should validate height is positive (31.6s)
  x  187 [chromium] › tests\e2e\09-visual-validation.spec.js:446:5 › Visual Validation - Responsive Elements › should show navigation buttons (1.7s)
  x  189 [chromium] › tests\e2e\09-visual-validation.spec.js:454:5 › Visual Validation - Responsive Elements › should show action buttons on each tab (2.4s)
  x  190 [chromium] › tests\e2e\09-visual-validation.spec.js:474:5 › Visual Validation - Responsive Elements › should render tables with headers (1.9s)
  x  185 [chromium] › tests\e2e\02-vial-crud.spec.js:327:5 › Vial CRUD Operations › STATUS TRANSITIONS › should transition from active to insufficient when low volume (30.7s)
  x  188 [chromium] › tests\e2e\11-settings.spec.js:115:5 › Settings - Height Configuration › should validate height is realistic (< 300cm) (30.9s)
  ok 192 [chromium] › tests\e2e\11-settings.spec.js:138:5 › Settings - Goal Weight Configuration › should save goal weight setting (2.5s)
  ok 193 [chromium] › tests\e2e\11-settings.spec.js:157:5 › Settings - Goal Weight Configuration › should persist goal weight across reload (1.8s)
  ok 194 [chromium] › tests\e2e\11-settings.spec.js:167:5 › Settings - Goal Weight Configuration › should affect goal progress calculation (1.8s)
  ok 195 [chromium] › tests\e2e\11-settings.spec.js:194:5 › Settings - Goal Weight Configuration › should validate goal weight is positive (1.7s)
  ok 196 [chromium] › tests\e2e\11-settings.spec.js:207:5 › Settings - Goal Weight Configuration › should allow clearing goal weight (2.3s)
  ok 197 [chromium] › tests\e2e\11-settings.spec.js:235:5 › Settings - Data Persistence › should persist all settings across reload (1.4s)
  x  191 [chromium] › tests\e2e\02-vial-crud.spec.js:361:5 › Vial CRUD Operations › STATUS TRANSITIONS › should transition to empty when volume reaches zero (30.2s)
  ok 198 [chromium] › tests\e2e\11-settings.spec.js:253:5 › Settings - Data Persistence › should initialize with default settings when none exist (1.4s)
  x  200 [chromium] › tests\e2e\02-vial-crud.spec.js:396:5 › Vial CRUD Operations › DELETE Operations › should delete a vial with no injections (7.7s)
  ok 201 [chromium] › tests\e2e\02-vial-crud.spec.js:421:5 › Vial CRUD Operations › DELETE Operations › should handle deletion of vial with injections gracefully (2.4s)
  x  199 [chromium] › tests\e2e\11-settings.spec.js:263:5 › Settings - Data Persistence › should update settings without affecting data (31.0s)
  x  203 [chromium] › tests\e2e\11-settings.spec.js:299:5 › Settings - UI Elements › should show settings tab (1.6s)
  x  204 [chromium] › tests\e2e\11-settings.spec.js:307:5 › Settings - UI Elements › should show height input field (1.9s)
  ok 205 [chromium] › tests\e2e\11-settings.spec.js:316:5 › Settings - UI Elements › should show goal weight input field (1.8s)
  ok 206 [chromium] › tests\e2e\11-settings.spec.js:325:5 › Settings - UI Elements › should show data management buttons (1.8s)
  x  202 [chromium] › tests\e2e\02-vial-crud.spec.js:467:5 › Vial CRUD Operations › DELETE Operations › should persist vial deletion after reload (30.2s)
  ok 207 [chromium] › tests\e2e\11-settings.spec.js:338:5 › Settings - UI Elements › should show deduplication button (1.9s)
  ok 209 [chromium] › tests\e2e\02-vial-crud.spec.js:495:5 › Vial CRUD Operations › DATA PERSISTENCE › should persist vial data across page reloads (2.7s)
  x  210 [chromium] › tests\e2e\02-vial-crud.spec.js:518:5 › Vial CRUD Operations › DATA PERSISTENCE › should persist vial status changes (2.5s)
  x  208 [chromium] › tests\e2e\11-settings.spec.js:355:5 › Settings - Input Validation › should accept decimal values for height (31.0s)
  ok 212 [chromium] › tests\e2e\11-settings.spec.js:373:5 › Settings - Input Validation › should accept decimal values for goal weight (2.5s)
  x  211 [chromium] › tests\e2e\02-vial-crud.spec.js:545:5 › Vial CRUD Operations › VALIDATION › should reject negative total_mg (30.3s)
  x  213 [chromium] › tests\e2e\11-settings.spec.js:391:5 › Settings - Input Validation › should reject invalid height values (31.2s)
  x  215 [chromium] › tests\e2e\11-settings.spec.js:404:5 › Settings - Input Validation › should reject invalid goal weight values (2.0s)
  x  214 [chromium] › tests\e2e\02-vial-crud.spec.js:564:5 › Vial CRUD Operations › VALIDATION › should reject unrealistic total_mg values (30.2s)
  x  217 [chromium] › tests\e2e\02-vial-crud.spec.js:581:5 › Vial CRUD Operations › VALIDATION › should validate bac water volume on activation (2.7s)
  x  216 [chromium] › tests\e2e\11-settings.spec.js:425:5 › Settings - Save Indicator › should show save indicator when settings change (31.3s)


  1) [chromium] › tests\e2e\01-injection-crud.spec.js:119:5 › Injection CRUD Operations › CREATE Operations › should show injection in table after creation 

    TimeoutError: page.waitForFunction: Timeout 5000ms exceeded.

       at helpers\test-utils.js:278

      276 |  */
      277 | async function waitForTableRows(page, tableSelector, expectedCount, timeout = 5000) {
    > 278 |   await page.waitForFunction(
          |              ^
      279 |     ({ selector, count }) => {
      280 |       const rows = document.querySelectorAll(`${selector} tbody tr:not(.empty-state)`);
      281 |       return rows.length === count;
        at waitForTableRows (c:\Users\aland\Documents\reta\tests\helpers\test-utils.js:278:14)
        at c:\Users\aland\Documents\reta\tests\e2e\01-injection-crud.spec.js:140:13

    attachment #1: screenshot (image/png) ──────────────────────────────────────────────────────────
    test-results\e2e-01-injection-crud-Inje-fd362-ion-in-table-after-creation-chromium\test-failed-1.png
    ────────────────────────────────────────────────────────────────────────────────────────────────

    attachment #2: video (video/webm) ──────────────────────────────────────────────────────────────
    test-results\e2e-01-injection-crud-Inje-fd362-ion-in-table-after-creation-chromium\video.webm
    ────────────────────────────────────────────────────────────────────────────────────────────────

    Error Context: test-results\e2e-01-injection-crud-Inje-fd362-ion-in-table-after-creation-chromium\error-context.md

  2) [chromium] › tests\e2e\01-injection-crud.spec.js:145:5 › Injection CRUD Operations › CREATE Operations › should reset form after successful submission (FIX_SUMMARY bug) 

    [31mTest timeout of 30000ms exceeded.[39m

    Error: page.inputValue: Test timeout of 30000ms exceeded.
    Call log:
    [2m  - waiting for locator('#shot-time')[22m


      166 |       // Form should be reset (empty)
      167 |       const dateValue = await page.inputValue('#shot-date');
    > 168 |       const timeValue = await page.inputValue('#shot-time');
          |                                    ^
      169 |       const doseValue = await page.inputValue('#shot-dose');
      170 |       const notesValue = await page.inputValue('#shot-notes');
      171 |
        at c:\Users\aland\Documents\reta\tests\e2e\01-injection-crud.spec.js:168:36

    attachment #1: screenshot (image/png) ──────────────────────────────────────────────────────────
    test-results\e2e-01-injection-crud-Inje-95c4c-submission-FIX-SUMMARY-bug--chromium\test-failed-1.png
    ────────────────────────────────────────────────────────────────────────────────────────────────

    attachment #2: video (video/webm) ──────────────────────────────────────────────────────────────
    test-results\e2e-01-injection-crud-Inje-95c4c-submission-FIX-SUMMARY-bug--chromium\video.webm
    ────────────────────────────────────────────────────────────────────────────────────────────────

    Error Context: test-results\e2e-01-injection-crud-Inje-95c4c-submission-FIX-SUMMARY-bug--chromium\error-context.md

  3) [chromium] › tests\e2e\01-injection-crud.spec.js:292:5 › Injection CRUD Operations › VALIDATION › should validate all injection site values 

    [31mTest timeout of 30000ms exceeded.[39m

    Error: page.selectOption: Test timeout of 30000ms exceeded.
    Call log:
    [2m  - waiting for locator('#shot-site')[22m
    [2m    - locator resolved to <select required="" id="shot-site">…</select>[22m
    [2m  - attempting select option action[22m
    [2m    2 × waiting for element to be visible and enabled[22m
    [2m      - did not find some options[22m
    [2m    - retrying select option action[22m
    [2m    - waiting 20ms[22m
    [2m    2 × waiting for element to be visible and enabled[22m
    [2m      - did not find some options[22m
    [2m    - retrying select option action[22m
    [2m      - waiting 100ms[22m
    [2m    43 × waiting for element to be visible and enabled[22m
    [2m       - did not find some options[22m
    [2m     - retrying select option action[22m
    [2m       - waiting 500ms[22m


       at helpers\test-utils.js:174

      172 |  */
      173 | async function selectOption(page, selector, value) {
    > 174 |   await page.selectOption(selector, value);
          |              ^
      175 | }
      176 |
      177 | /**
        at selectOption (c:\Users\aland\Documents\reta\tests\helpers\test-utils.js:174:14)
        at c:\Users\aland\Documents\reta\tests\e2e\01-injection-crud.spec.js:305:15

    attachment #1: screenshot (image/png) ──────────────────────────────────────────────────────────
    test-results\e2e-01-injection-crud-Inje-60000-e-all-injection-site-values-chromium\test-failed-1.png
    ────────────────────────────────────────────────────────────────────────────────────────────────

    attachment #2: video (video/webm) ──────────────────────────────────────────────────────────────
    test-results\e2e-01-injection-crud-Inje-60000-e-all-injection-site-values-chromium\video.webm
    ────────────────────────────────────────────────────────────────────────────────────────────────

    Error Context: test-results\e2e-01-injection-crud-Inje-60000-e-all-injection-site-values-chromium\error-context.md

  4) [chromium] › tests\e2e\01-injection-crud.spec.js:325:5 › Injection CRUD Operations › DELETE Operations › should delete an injection 

    TimeoutError: page.waitForFunction: Timeout 5000ms exceeded.

       at helpers\test-utils.js:278

      276 |  */
      277 | async function waitForTableRows(page, tableSelector, expectedCount, timeout = 5000) {
    > 278 |   await page.waitForFunction(
          |              ^
      279 |     ({ selector, count }) => {
      280 |       const rows = document.querySelectorAll(`${selector} tbody tr:not(.empty-state)`);
      281 |       return rows.length === count;
        at waitForTableRows (c:\Users\aland\Documents\reta\tests\helpers\test-utils.js:278:14)
        at c:\Users\aland\Documents\reta\tests\e2e\01-injection-crud.spec.js:338:13

    attachment #1: screenshot (image/png) ──────────────────────────────────────────────────────────
    test-results\e2e-01-injection-crud-Inje-4b74d--should-delete-an-injection-chromium\test-failed-1.png
    ────────────────────────────────────────────────────────────────────────────────────────────────

    attachment #2: video (video/webm) ──────────────────────────────────────────────────────────────
    test-results\e2e-01-injection-crud-Inje-4b74d--should-delete-an-injection-chromium\video.webm
    ────────────────────────────────────────────────────────────────────────────────────────────────

    Error Context: test-results\e2e-01-injection-crud-Inje-4b74d--should-delete-an-injection-chromium\error-context.md

  5) [chromium] › tests\e2e\01-injection-crud.spec.js:358:5 › Injection CRUD Operations › DELETE Operations › should persist deletion after page reload 

    [31mTest timeout of 30000ms exceeded.[39m

    Error: locator.click: Test timeout of 30000ms exceeded.
    Call log:
    [2m  - waiting for locator('#shots-table button[title*="Delete"], #shots-table button:has-text("Delete")').first()[22m


      370 |       // Delete the injection
      371 |       const deleteButton = page.locator('#shots-table button[title*="Delete"], #shots-table button:has-text("Delete")').first();
    > 372 |       await deleteButton.click();
          |                          ^
      373 |
      374 |       const confirmButton = page.locator('button:has-text("Delete"), button:has-text("Confirm")');
      375 |       if (await confirmButton.isVisible({ timeout: 1000 })) {
        at c:\Users\aland\Documents\reta\tests\e2e\01-injection-crud.spec.js:372:26

    attachment #1: screenshot (image/png) ──────────────────────────────────────────────────────────
    test-results\e2e-01-injection-crud-Inje-02457--deletion-after-page-reload-chromium\test-failed-1.png
    ────────────────────────────────────────────────────────────────────────────────────────────────

    attachment #2: video (video/webm) ──────────────────────────────────────────────────────────────
    test-results\e2e-01-injection-crud-Inje-02457--deletion-after-page-reload-chromium\video.webm
    ────────────────────────────────────────────────────────────────────────────────────────────────

    Error Context: test-results\e2e-01-injection-crud-Inje-02457--deletion-after-page-reload-chromium\error-context.md

  6) [chromium] › tests\e2e\02-vial-crud.spec.js:51:5 › Vial CRUD Operations › CREATE Operations - Dry Stock › should create a dry stock vial with all fields 

    [31mTest timeout of 30000ms exceeded.[39m

    Error: page.fill: Target page, context or browser has been closed

       at helpers\test-utils.js:164

      162 |  */
      163 | async function fillInput(page, selector, value) {
    > 164 |   await page.fill(selector, String(value));
          |              ^
      165 | }
      166 |
      167 | /**
        at fillInput (c:\Users\aland\Documents\reta\tests\helpers\test-utils.js:164:14)
        at c:\Users\aland\Documents\reta\tests\e2e\02-vial-crud.spec.js:58:13

    attachment #1: screenshot (image/png) ──────────────────────────────────────────────────────────
    test-results\e2e-02-vial-crud-Vial-CRUD-520bd--stock-vial-with-all-fields-chromium\test-failed-1.png
    ────────────────────────────────────────────────────────────────────────────────────────────────

    attachment #2: video (video/webm) ──────────────────────────────────────────────────────────────
    test-results\e2e-02-vial-crud-Vial-CRUD-520bd--stock-vial-with-all-fields-chromium\video.webm
    ────────────────────────────────────────────────────────────────────────────────────────────────

    Error Context: test-results\e2e-02-vial-crud-Vial-CRUD-520bd--stock-vial-with-all-fields-chromium\error-context.md

  7) [chromium] › tests\e2e\02-vial-crud.spec.js:87:5 › Vial CRUD Operations › CREATE Operations - Dry Stock › should create dry stock with minimal fields 

    [31mTest timeout of 30000ms exceeded.[39m

    Error: page.fill: Target page, context or browser has been closed

       at helpers\test-utils.js:164

      162 |  */
      163 | async function fillInput(page, selector, value) {
    > 164 |   await page.fill(selector, String(value));
          |              ^
      165 | }
      166 |
      167 | /**
        at fillInput (c:\Users\aland\Documents\reta\tests\helpers\test-utils.js:164:14)
        at c:\Users\aland\Documents\reta\tests\e2e\02-vial-crud.spec.js:92:13

    attachment #1: screenshot (image/png) ──────────────────────────────────────────────────────────
    test-results\e2e-02-vial-crud-Vial-CRUD-379a1-y-stock-with-minimal-fields-chromium\test-failed-1.png
    ────────────────────────────────────────────────────────────────────────────────────────────────

    attachment #2: video (video/webm) ──────────────────────────────────────────────────────────────
    test-results\e2e-02-vial-crud-Vial-CRUD-379a1-y-stock-with-minimal-fields-chromium\video.webm
    ────────────────────────────────────────────────────────────────────────────────────────────────

    Error Context: test-results\e2e-02-vial-crud-Vial-CRUD-379a1-y-stock-with-minimal-fields-chromium\error-context.md

  8) [chromium] › tests\e2e\02-vial-crud.spec.js:105:5 › Vial CRUD Operations › CREATE Operations - Dry Stock › should show dry stock vial in inventory table 

    [31mTest timeout of 30000ms exceeded.[39m

    Error: page.fill: Target page, context or browser has been closed

       at helpers\test-utils.js:164

      162 |  */
      163 | async function fillInput(page, selector, value) {
    > 164 |   await page.fill(selector, String(value));
          |              ^
      165 | }
      166 |
      167 | /**
        at fillInput (c:\Users\aland\Documents\reta\tests\helpers\test-utils.js:164:14)
        at c:\Users\aland\Documents\reta\tests\e2e\02-vial-crud.spec.js:114:13

    attachment #1: screenshot (image/png) ──────────────────────────────────────────────────────────
    test-results\e2e-02-vial-crud-Vial-CRUD-4ed62-ock-vial-in-inventory-table-chromium\test-failed-1.png
    ────────────────────────────────────────────────────────────────────────────────────────────────

    attachment #2: video (video/webm) ──────────────────────────────────────────────────────────────
    test-results\e2e-02-vial-crud-Vial-CRUD-4ed62-ock-vial-in-inventory-table-chromium\video.webm
    ────────────────────────────────────────────────────────────────────────────────────────────────

    Error Context: test-results\e2e-02-vial-crud-Vial-CRUD-4ed62-ock-vial-in-inventory-table-chromium\error-context.md

  9) [chromium] › tests\e2e\02-vial-crud.spec.js:125:5 › Vial CRUD Operations › ACTIVATE Operations - Reconstitution › should activate a dry stock vial 

    Error: page.fill: Error: Malformed value
    Call log:
    [2m  - waiting for locator('#activate-reconstitution-date')[22m
    [2m    - locator resolved to <input required="" type="datetime-local" id="activate-reconstitution-date"/>[22m
    [2m    - fill("2025-11-07")[22m
    [2m  - attempting fill action[22m
    [2m    - waiting for element to be visible, enabled and editable[22m


       at helpers\test-utils.js:164

      162 |  */
      163 | async function fillInput(page, selector, value) {
    > 164 |   await page.fill(selector, String(value));
          |              ^
      165 | }
      166 |
      167 | /**
        at fillInput (c:\Users\aland\Documents\reta\tests\helpers\test-utils.js:164:14)
        at c:\Users\aland\Documents\reta\tests\e2e\02-vial-crud.spec.js:139:13

    attachment #1: screenshot (image/png) ──────────────────────────────────────────────────────────
    test-results\e2e-02-vial-crud-Vial-CRUD-845ee-d-activate-a-dry-stock-vial-chromium\test-failed-1.png
    ────────────────────────────────────────────────────────────────────────────────────────────────

    attachment #2: video (video/webm) ──────────────────────────────────────────────────────────────
    test-results\e2e-02-vial-crud-Vial-CRUD-845ee-d-activate-a-dry-stock-vial-chromium\video.webm
    ────────────────────────────────────────────────────────────────────────────────────────────────

    Error Context: test-results\e2e-02-vial-crud-Vial-CRUD-845ee-d-activate-a-dry-stock-vial-chromium\error-context.md

  10) [chromium] › tests\e2e\02-vial-crud.spec.js:164:5 › Vial CRUD Operations › ACTIVATE Operations - Reconstitution › should calculate concentration correctly 

    Error: page.fill: Error: Malformed value
    Call log:
    [2m  - waiting for locator('#activate-reconstitution-date')[22m
    [2m    - locator resolved to <input required="" type="datetime-local" id="activate-reconstitution-date"/>[22m
    [2m    - fill("2025-11-07")[22m
    [2m  - attempting fill action[22m
    [2m    - waiting for element to be visible, enabled and editable[22m


       at helpers\test-utils.js:164

      162 |  */
      163 | async function fillInput(page, selector, value) {
    > 164 |   await page.fill(selector, String(value));
          |              ^
      165 | }
      166 |
      167 | /**
        at fillInput (c:\Users\aland\Documents\reta\tests\helpers\test-utils.js:164:14)
        at c:\Users\aland\Documents\reta\tests\e2e\02-vial-crud.spec.js:186:15

    attachment #1: screenshot (image/png) ──────────────────────────────────────────────────────────
    test-results\e2e-02-vial-crud-Vial-CRUD-49c4f-ate-concentration-correctly-chromium\test-failed-1.png
    ────────────────────────────────────────────────────────────────────────────────────────────────

    attachment #2: video (video/webm) ──────────────────────────────────────────────────────────────
    test-results\e2e-02-vial-crud-Vial-CRUD-49c4f-ate-concentration-correctly-chromium\video.webm
    ────────────────────────────────────────────────────────────────────────────────────────────────

    Error Context: test-results\e2e-02-vial-crud-Vial-CRUD-49c4f-ate-concentration-correctly-chromium\error-context.md

  11) [chromium] › tests\e2e\02-vial-crud.spec.js:196:5 › Vial CRUD Operations › ACTIVATE Operations - Reconstitution › should calculate expiration date (30 days after reconstitution) 

    Error: page.fill: Error: Malformed value
    Call log:
    [2m  - waiting for locator('#activate-reconstitution-date')[22m
    [2m    - locator resolved to <input required="" type="datetime-local" id="activate-reconstitution-date"/>[22m
    [2m    - fill("2025-11-01")[22m
    [2m  - attempting fill action[22m
    [2m    - waiting for element to be visible, enabled and editable[22m


       at helpers\test-utils.js:164

      162 |  */
      163 | async function fillInput(page, selector, value) {
    > 164 |   await page.fill(selector, String(value));
          |              ^
      165 | }
      166 |
      167 | /**
        at fillInput (c:\Users\aland\Documents\reta\tests\helpers\test-utils.js:164:14)
        at c:\Users\aland\Documents\reta\tests\e2e\02-vial-crud.spec.js:208:13

    attachment #1: screenshot (image/png) ──────────────────────────────────────────────────────────
    test-results\e2e-02-vial-crud-Vial-CRUD-c35db--days-after-reconstitution--chromium\test-failed-1.png
    ────────────────────────────────────────────────────────────────────────────────────────────────

    attachment #2: video (video/webm) ──────────────────────────────────────────────────────────────
    test-results\e2e-02-vial-crud-Vial-CRUD-c35db--days-after-reconstitution--chromium\video.webm
    ────────────────────────────────────────────────────────────────────────────────────────────────

    Error Context: test-results\e2e-02-vial-crud-Vial-CRUD-c35db--days-after-reconstitution--chromium\error-context.md

  12) [chromium] › tests\e2e\02-vial-crud.spec.js:226:5 › Vial CRUD Operations › USAGE TRACKING › should decrease remaining_ml when injection uses vial 

    [31mTest timeout of 30000ms exceeded.[39m

    Error: page.click: Test timeout of 30000ms exceeded.
    Call log:
    [2m  - waiting for locator('button:has-text("+ Add Shot")')[22m
    [2m    - locator resolved to <button class="add-shot-btn-results" onclick="app.showAddInjectionModal()">↵                        + Add shot↵             …</button>[22m
    [2m  - attempting click action[22m
    [2m    2 × waiting for element to be visible, enabled and stable[22m
    [2m      - element is not visible[22m
    [2m    - retrying click action[22m
    [2m    - waiting 20ms[22m
    [2m    2 × waiting for element to be visible, enabled and stable[22m
    [2m      - element is not visible[22m
    [2m    - retrying click action[22m
    [2m      - waiting 100ms[22m
    [2m    51 × waiting for element to be visible, enabled and stable[22m
    [2m       - element is not visible[22m
    [2m     - retrying click action[22m
    [2m       - waiting 500ms[22m


       at helpers\test-utils.js:105

      103 |  */
      104 | async function openModal(page, selector, modalId = null) {
    > 105 |   await page.click(selector);
          |              ^
      106 |
      107 |   // Wait for modal overlay to become visible (app uses inline style.display = 'flex')
      108 |   await page.waitForFunction(() => {
        at openModal (c:\Users\aland\Documents\reta\tests\helpers\test-utils.js:105:14)
        at c:\Users\aland\Documents\reta\tests\e2e\02-vial-crud.spec.js:245:13

    attachment #1: screenshot (image/png) ──────────────────────────────────────────────────────────
    test-results\e2e-02-vial-crud-Vial-CRUD-8de1c-ml-when-injection-uses-vial-chromium\test-failed-1.png
    ────────────────────────────────────────────────────────────────────────────────────────────────

    attachment #2: video (video/webm) ──────────────────────────────────────────────────────────────
    test-results\e2e-02-vial-crud-Vial-CRUD-8de1c-ml-when-injection-uses-vial-chromium\video.webm
    ────────────────────────────────────────────────────────────────────────────────────────────────

    Error Context: test-results\e2e-02-vial-crud-Vial-CRUD-8de1c-ml-when-injection-uses-vial-chromium\error-context.md

  13) [chromium] › tests\e2e\02-vial-crud.spec.js:262:5 › Vial CRUD Operations › USAGE TRACKING › should track multiple injections from same vial 

    [31mTest timeout of 30000ms exceeded.[39m

    Error: page.click: Test timeout of 30000ms exceeded.
    Call log:
    [2m  - waiting for locator('button:has-text("+ Add Shot")')[22m
    [2m    - locator resolved to <button class="add-shot-btn-results" onclick="app.showAddInjectionModal()">↵                        + Add shot↵             …</button>[22m
    [2m  - attempting click action[22m
    [2m    2 × waiting for element to be visible, enabled and stable[22m
    [2m      - element is not visible[22m
    [2m    - retrying click action[22m
    [2m    - waiting 20ms[22m
    [2m    2 × waiting for element to be visible, enabled and stable[22m
    [2m      - element is not visible[22m
    [2m    - retrying click action[22m
    [2m      - waiting 100ms[22m
    [2m    50 × waiting for element to be visible, enabled and stable[22m
    [2m       - element is not visible[22m
    [2m     - retrying click action[22m
    [2m       - waiting 500ms[22m


       at helpers\test-utils.js:105

      103 |  */
      104 | async function openModal(page, selector, modalId = null) {
    > 105 |   await page.click(selector);
          |              ^
      106 |
      107 |   // Wait for modal overlay to become visible (app uses inline style.display = 'flex')
      108 |   await page.waitForFunction(() => {
        at openModal (c:\Users\aland\Documents\reta\tests\helpers\test-utils.js:105:14)
        at c:\Users\aland\Documents\reta\tests\e2e\02-vial-crud.spec.js:278:15

    attachment #1: screenshot (image/png) ──────────────────────────────────────────────────────────
    test-results\e2e-02-vial-crud-Vial-CRUD-4c095-e-injections-from-same-vial-chromium\test-failed-1.png
    ────────────────────────────────────────────────────────────────────────────────────────────────

    attachment #2: video (video/webm) ──────────────────────────────────────────────────────────────
    test-results\e2e-02-vial-crud-Vial-CRUD-4c095-e-injections-from-same-vial-chromium\video.webm
    ────────────────────────────────────────────────────────────────────────────────────────────────

    Error Context: test-results\e2e-02-vial-crud-Vial-CRUD-4c095-e-injections-from-same-vial-chromium\error-context.md

  14) [chromium] › tests\e2e\02-vial-crud.spec.js:295:5 › Vial CRUD Operations › USAGE TRACKING › should sync both remaining_ml and current_volume_ml (Phase 1A fix) 

    [31mTest timeout of 30000ms exceeded.[39m

    Error: page.click: Test timeout of 30000ms exceeded.
    Call log:
    [2m  - waiting for locator('button:has-text("+ Add Shot")')[22m
    [2m    - locator resolved to <button class="add-shot-btn-results" onclick="app.showAddInjectionModal()">↵                        + Add shot↵             …</button>[22m
    [2m  - attempting click action[22m
    [2m    2 × waiting for element to be visible, enabled and stable[22m
    [2m      - element is not visible[22m
    [2m    - retrying click action[22m
    [2m    - waiting 20ms[22m
    [2m    2 × waiting for element to be visible, enabled and stable[22m
    [2m      - element is not visible[22m
    [2m    - retrying click action[22m
    [2m      - waiting 100ms[22m
    [2m    50 × waiting for element to be visible, enabled and stable[22m
    [2m       - element is not visible[22m
    [2m     - retrying click action[22m
    [2m       - waiting 500ms[22m


       at helpers\test-utils.js:105

      103 |  */
      104 | async function openModal(page, selector, modalId = null) {
    > 105 |   await page.click(selector);
          |              ^
      106 |
      107 |   // Wait for modal overlay to become visible (app uses inline style.display = 'flex')
      108 |   await page.waitForFunction(() => {
        at openModal (c:\Users\aland\Documents\reta\tests\helpers\test-utils.js:105:14)
        at c:\Users\aland\Documents\reta\tests\e2e\02-vial-crud.spec.js:309:13

    attachment #1: screenshot (image/png) ──────────────────────────────────────────────────────────
    test-results\e2e-02-vial-crud-Vial-CRUD-9e1c5-ent-volume-ml-Phase-1A-fix--chromium\test-failed-1.png
    ────────────────────────────────────────────────────────────────────────────────────────────────

    attachment #2: video (video/webm) ──────────────────────────────────────────────────────────────
    test-results\e2e-02-vial-crud-Vial-CRUD-9e1c5-ent-volume-ml-Phase-1A-fix--chromium\video.webm
    ────────────────────────────────────────────────────────────────────────────────────────────────

    Error Context: test-results\e2e-02-vial-crud-Vial-CRUD-9e1c5-ent-volume-ml-Phase-1A-fix--chromium\error-context.md

  15) [chromium] › tests\e2e\02-vial-crud.spec.js:327:5 › Vial CRUD Operations › STATUS TRANSITIONS › should transition from active to insufficient when low volume 

    [31mTest timeout of 30000ms exceeded.[39m

    Error: page.click: Test timeout of 30000ms exceeded.
    Call log:
    [2m  - waiting for locator('button:has-text("+ Add Shot")')[22m
    [2m    - locator resolved to <button class="add-shot-btn-results" onclick="app.showAddInjectionModal()">↵                        + Add shot↵             …</button>[22m
    [2m  - attempting click action[22m
    [2m    2 × waiting for element to be visible, enabled and stable[22m
    [2m      - element is not visible[22m
    [2m    - retrying click action[22m
    [2m    - waiting 20ms[22m
    [2m    2 × waiting for element to be visible, enabled and stable[22m
    [2m      - element is not visible[22m
    [2m    - retrying click action[22m
    [2m      - waiting 100ms[22m
    [2m    53 × waiting for element to be visible, enabled and stable[22m
    [2m       - element is not visible[22m
    [2m     - retrying click action[22m
    [2m       - waiting 500ms[22m


       at helpers\test-utils.js:105

      103 |  */
      104 | async function openModal(page, selector, modalId = null) {
    > 105 |   await page.click(selector);
          |              ^
      106 |
      107 |   // Wait for modal overlay to become visible (app uses inline style.display = 'flex')
      108 |   await page.waitForFunction(() => {
        at openModal (c:\Users\aland\Documents\reta\tests\helpers\test-utils.js:105:14)
        at c:\Users\aland\Documents\reta\tests\e2e\02-vial-crud.spec.js:342:13

    attachment #1: screenshot (image/png) ──────────────────────────────────────────────────────────
    test-results\e2e-02-vial-crud-Vial-CRUD-f3bb7-nsufficient-when-low-volume-chromium\test-failed-1.png
    ────────────────────────────────────────────────────────────────────────────────────────────────

    attachment #2: video (video/webm) ──────────────────────────────────────────────────────────────
    test-results\e2e-02-vial-crud-Vial-CRUD-f3bb7-nsufficient-when-low-volume-chromium\video.webm
    ────────────────────────────────────────────────────────────────────────────────────────────────

    Error Context: test-results\e2e-02-vial-crud-Vial-CRUD-f3bb7-nsufficient-when-low-volume-chromium\error-context.md

  16) [chromium] › tests\e2e\02-vial-crud.spec.js:361:5 › Vial CRUD Operations › STATUS TRANSITIONS › should transition to empty when volume reaches zero 

    [31mTest timeout of 30000ms exceeded.[39m

    Error: page.click: Test timeout of 30000ms exceeded.
    Call log:
    [2m  - waiting for locator('button:has-text("+ Add Shot")')[22m
    [2m    - locator resolved to <button class="add-shot-btn-results" onclick="app.showAddInjectionModal()">↵                        + Add shot↵             …</button>[22m
    [2m  - attempting click action[22m
    [2m    2 × waiting for element to be visible, enabled and stable[22m
    [2m      - element is not visible[22m
    [2m    - retrying click action[22m
    [2m    - waiting 20ms[22m
    [2m    2 × waiting for element to be visible, enabled and stable[22m
    [2m      - element is not visible[22m
    [2m    - retrying click action[22m
    [2m      - waiting 100ms[22m
    [2m    53 × waiting for element to be visible, enabled and stable[22m
    [2m       - element is not visible[22m
    [2m     - retrying click action[22m
    [2m       - waiting 500ms[22m


       at helpers\test-utils.js:105

      103 |  */
      104 | async function openModal(page, selector, modalId = null) {
    > 105 |   await page.click(selector);
          |              ^
      106 |
      107 |   // Wait for modal overlay to become visible (app uses inline style.display = 'flex')
      108 |   await page.waitForFunction(() => {
        at openModal (c:\Users\aland\Documents\reta\tests\helpers\test-utils.js:105:14)
        at c:\Users\aland\Documents\reta\tests\e2e\02-vial-crud.spec.js:376:13

    attachment #1: screenshot (image/png) ──────────────────────────────────────────────────────────
    test-results\e2e-02-vial-crud-Vial-CRUD-213f9-ty-when-volume-reaches-zero-chromium\test-failed-1.png
    ────────────────────────────────────────────────────────────────────────────────────────────────

    attachment #2: video (video/webm) ──────────────────────────────────────────────────────────────
    test-results\e2e-02-vial-crud-Vial-CRUD-213f9-ty-when-volume-reaches-zero-chromium\video.webm
    ────────────────────────────────────────────────────────────────────────────────────────────────

    Error Context: test-results\e2e-02-vial-crud-Vial-CRUD-213f9-ty-when-volume-reaches-zero-chromium\error-context.md

  17) [chromium] › tests\e2e\02-vial-crud.spec.js:396:5 › Vial CRUD Operations › DELETE Operations › should delete a vial with no injections 

    TimeoutError: page.waitForFunction: Timeout 5000ms exceeded.

       at helpers\test-utils.js:278

      276 |  */
      277 | async function waitForTableRows(page, tableSelector, expectedCount, timeout = 5000) {
    > 278 |   await page.waitForFunction(
          |              ^
      279 |     ({ selector, count }) => {
      280 |       const rows = document.querySelectorAll(`${selector} tbody tr:not(.empty-state)`);
      281 |       return rows.length === count;
        at waitForTableRows (c:\Users\aland\Documents\reta\tests\helpers\test-utils.js:278:14)
        at c:\Users\aland\Documents\reta\tests\e2e\02-vial-crud.spec.js:402:13

    attachment #1: screenshot (image/png) ──────────────────────────────────────────────────────────
    test-results\e2e-02-vial-crud-Vial-CRUD-d3a3f-e-a-vial-with-no-injections-chromium\test-failed-1.png
    ────────────────────────────────────────────────────────────────────────────────────────────────

    attachment #2: video (video/webm) ──────────────────────────────────────────────────────────────
    test-results\e2e-02-vial-crud-Vial-CRUD-d3a3f-e-a-vial-with-no-injections-chromium\video.webm
    ────────────────────────────────────────────────────────────────────────────────────────────────

    Error Context: test-results\e2e-02-vial-crud-Vial-CRUD-d3a3f-e-a-vial-with-no-injections-chromium\error-context.md

  18) [chromium] › tests\e2e\02-vial-crud.spec.js:467:5 › Vial CRUD Operations › DELETE Operations › should persist vial deletion after reload 

    [31mTest timeout of 30000ms exceeded.[39m

    Error: locator.click: Test timeout of 30000ms exceeded.
    Call log:
    [2m  - waiting for locator('#vials-table button[title*="Delete"], #vials-table button:has-text("Delete")').first()[22m


      473 |
      474 |       const deleteButton = page.locator('#vials-table button[title*="Delete"], #vials-table button:has-text("Delete")').first();
    > 475 |       await deleteButton.click();
          |                          ^
      476 |
      477 |       const confirmButton = page.locator('button:has-text("Delete"), button:has-text("Confirm")');
      478 |       if (await confirmButton.isVisible({ timeout: 1000 })) {
        at c:\Users\aland\Documents\reta\tests\e2e\02-vial-crud.spec.js:475:26

    attachment #1: screenshot (image/png) ──────────────────────────────────────────────────────────
    test-results\e2e-02-vial-crud-Vial-CRUD-aebb7--vial-deletion-after-reload-chromium\test-failed-1.png
    ────────────────────────────────────────────────────────────────────────────────────────────────

    attachment #2: video (video/webm) ──────────────────────────────────────────────────────────────
    test-results\e2e-02-vial-crud-Vial-CRUD-aebb7--vial-deletion-after-reload-chromium\video.webm
    ────────────────────────────────────────────────────────────────────────────────────────────────

    Error Context: test-results\e2e-02-vial-crud-Vial-CRUD-aebb7--vial-deletion-after-reload-chromium\error-context.md

  19) [chromium] › tests\e2e\02-vial-crud.spec.js:518:5 › Vial CRUD Operations › DATA PERSISTENCE › should persist vial status changes 

    Error: page.fill: Error: Malformed value
    Call log:
    [2m  - waiting for locator('#activate-reconstitution-date')[22m
    [2m    - locator resolved to <input required="" type="datetime-local" id="activate-reconstitution-date"/>[22m
    [2m    - fill("2025-11-07")[22m
    [2m  - attempting fill action[22m
    [2m    - waiting for element to be visible, enabled and editable[22m


       at helpers\test-utils.js:164

      162 |  */
      163 | async function fillInput(page, selector, value) {
    > 164 |   await page.fill(selector, String(value));
          |              ^
      165 | }
      166 |
      167 | /**
        at fillInput (c:\Users\aland\Documents\reta\tests\helpers\test-utils.js:164:14)
        at c:\Users\aland\Documents\reta\tests\e2e\02-vial-crud.spec.js:530:13

    attachment #1: screenshot (image/png) ──────────────────────────────────────────────────────────
    test-results\e2e-02-vial-crud-Vial-CRUD-edbca-persist-vial-status-changes-chromium\test-failed-1.png
    ────────────────────────────────────────────────────────────────────────────────────────────────

    attachment #2: video (video/webm) ──────────────────────────────────────────────────────────────
    test-results\e2e-02-vial-crud-Vial-CRUD-edbca-persist-vial-status-changes-chromium\video.webm
    ────────────────────────────────────────────────────────────────────────────────────────────────

    Error Context: test-results\e2e-02-vial-crud-Vial-CRUD-edbca-persist-vial-status-changes-chromium\error-context.md

  20) [chromium] › tests\e2e\02-vial-crud.spec.js:545:5 › Vial CRUD Operations › VALIDATION › should reject negative total_mg 

    [31mTest timeout of 30000ms exceeded.[39m

    Error: page.fill: Target page, context or browser has been closed

       at helpers\test-utils.js:164

      162 |  */
      163 | async function fillInput(page, selector, value) {
    > 164 |   await page.fill(selector, String(value));
          |              ^
      165 | }
      166 |
      167 | /**
        at fillInput (c:\Users\aland\Documents\reta\tests\helpers\test-utils.js:164:14)
        at c:\Users\aland\Documents\reta\tests\e2e\02-vial-crud.spec.js:549:13

    attachment #1: screenshot (image/png) ──────────────────────────────────────────────────────────
    test-results\e2e-02-vial-crud-Vial-CRUD-0336f-ld-reject-negative-total-mg-chromium\test-failed-1.png
    ────────────────────────────────────────────────────────────────────────────────────────────────

    attachment #2: video (video/webm) ──────────────────────────────────────────────────────────────
    test-results\e2e-02-vial-crud-Vial-CRUD-0336f-ld-reject-negative-total-mg-chromium\video.webm
    ────────────────────────────────────────────────────────────────────────────────────────────────

    Error Context: test-results\e2e-02-vial-crud-Vial-CRUD-0336f-ld-reject-negative-total-mg-chromium\error-context.md

  21) [chromium] › tests\e2e\02-vial-crud.spec.js:564:5 › Vial CRUD Operations › VALIDATION › should reject unrealistic total_mg values 

    [31mTest timeout of 30000ms exceeded.[39m

    Error: page.fill: Target page, context or browser has been closed

       at helpers\test-utils.js:164

      162 |  */
      163 | async function fillInput(page, selector, value) {
    > 164 |   await page.fill(selector, String(value));
          |              ^
      165 | }
      166 |
      167 | /**
        at fillInput (c:\Users\aland\Documents\reta\tests\helpers\test-utils.js:164:14)
        at c:\Users\aland\Documents\reta\tests\e2e\02-vial-crud.spec.js:568:13

    attachment #1: screenshot (image/png) ──────────────────────────────────────────────────────────
    test-results\e2e-02-vial-crud-Vial-CRUD-3ce30-unrealistic-total-mg-values-chromium\test-failed-1.png
    ────────────────────────────────────────────────────────────────────────────────────────────────

    attachment #2: video (video/webm) ──────────────────────────────────────────────────────────────
    test-results\e2e-02-vial-crud-Vial-CRUD-3ce30-unrealistic-total-mg-values-chromium\video.webm
    ────────────────────────────────────────────────────────────────────────────────────────────────

    Error Context: test-results\e2e-02-vial-crud-Vial-CRUD-3ce30-unrealistic-total-mg-values-chromium\error-context.md

  22) [chromium] › tests\e2e\02-vial-crud.spec.js:581:5 › Vial CRUD Operations › VALIDATION › should validate bac water volume on activation 

    Error: page.fill: Error: Malformed value
    Call log:
    [2m  - waiting for locator('#activate-reconstitution-date')[22m
    [2m    - locator resolved to <input required="" type="datetime-local" id="activate-reconstitution-date"/>[22m
    [2m    - fill("2025-11-07")[22m
    [2m  - attempting fill action[22m
    [2m    - waiting for element to be visible, enabled and editable[22m


       at helpers\test-utils.js:164

      162 |  */
      163 | async function fillInput(page, selector, value) {
    > 164 |   await page.fill(selector, String(value));
          |              ^
      165 | }
      166 |
      167 | /**
        at fillInput (c:\Users\aland\Documents\reta\tests\helpers\test-utils.js:164:14)
        at c:\Users\aland\Documents\reta\tests\e2e\02-vial-crud.spec.js:594:13

    attachment #1: screenshot (image/png) ──────────────────────────────────────────────────────────
    test-results\e2e-02-vial-crud-Vial-CRUD-f2ef4--water-volume-on-activation-chromium\test-failed-1.png
    ────────────────────────────────────────────────────────────────────────────────────────────────

    attachment #2: video (video/webm) ──────────────────────────────────────────────────────────────
    test-results\e2e-02-vial-crud-Vial-CRUD-f2ef4--water-volume-on-activation-chromium\video.webm
    ────────────────────────────────────────────────────────────────────────────────────────────────

    Error Context: test-results\e2e-02-vial-crud-Vial-CRUD-f2ef4--water-volume-on-activation-chromium\error-context.md

  23) [chromium] › tests\e2e\03-sync-queue.spec.js:479:5 › Sync Queue - Edge Cases › should handle corrupted queue gracefully 

    Error: page.evaluate: SyntaxError: Unexpected token 'i', "invalid{json}" is not valid JSON
        at JSON.parse (<anonymous>)
        at eval (eval at evaluate (:290:30), <anonymous>:3:24)
        at UtilityScript.evaluate (<anonymous>:292:16)
        at UtilityScript.<anonymous> (<anonymous>:1:44)
        at eval (eval at evaluate (:290:30), <anonymous>:3:24)
        at UtilityScript.evaluate (<anonymous>:292:16)
        at UtilityScript.<anonymous> (<anonymous>:1:44)
        at getLocalStorage (c:\Users\aland\Documents\reta\tests\helpers\test-utils.js:24:21)
        at getSyncQueue (c:\Users\aland\Documents\reta\tests\helpers\test-utils.js:247:16)
        at c:\Users\aland\Documents\reta\tests\e2e\03-sync-queue.spec.js:488:29

    attachment #1: screenshot (image/png) ──────────────────────────────────────────────────────────
    test-results\e2e-03-sync-queue-Sync-Que-fd226--corrupted-queue-gracefully-chromium\test-failed-1.png
    ────────────────────────────────────────────────────────────────────────────────────────────────

    attachment #2: video (video/webm) ──────────────────────────────────────────────────────────────
    test-results\e2e-03-sync-queue-Sync-Que-fd226--corrupted-queue-gracefully-chromium\video.webm
    ────────────────────────────────────────────────────────────────────────────────────────────────

    Error Context: test-results\e2e-03-sync-queue-Sync-Que-fd226--corrupted-queue-gracefully-chromium\error-context.md

  24) [chromium] › tests\e2e\04-pending-deletions.spec.js:361:5 › Pending Deletions - Edge Cases › should handle corrupted pending deletions gracefully 

    [31mTest timeout of 30000ms exceeded.[39m

    Error: page.waitForFunction: Test timeout of 30000ms exceeded.

       at helpers\test-utils.js:71

      69 | async function waitForAppReady(page) {
      70 |   // Wait for the app object to be available
    > 71 |   await page.waitForFunction(() => {
         |              ^
      72 |     return typeof window.app !== 'undefined' && window.app !== null;
      73 |   }, { timeout: 5000 });
      74 |
        at waitForAppReady (c:\Users\aland\Documents\reta\tests\helpers\test-utils.js:71:14)
        at reloadPage (c:\Users\aland\Documents\reta\tests\helpers\test-utils.js:342:9)
        at c:\Users\aland\Documents\reta\tests\e2e\04-pending-deletions.spec.js:366:9

    attachment #1: screenshot (image/png) ──────────────────────────────────────────────────────────
    test-results\e2e-04-pending-deletions-P-cb821-ending-deletions-gracefully-chromium\test-failed-1.png
    ────────────────────────────────────────────────────────────────────────────────────────────────

    attachment #2: video (video/webm) ──────────────────────────────────────────────────────────────
    test-results\e2e-04-pending-deletions-P-cb821-ending-deletions-gracefully-chromium\video.webm
    ────────────────────────────────────────────────────────────────────────────────────────────────

    Error Context: test-results\e2e-04-pending-deletions-P-cb821-ending-deletions-gracefully-chromium\error-context.md

  25) [chromium] › tests\e2e\06-fix-summary-regressions.spec.js:170:5 › FIX_SUMMARY Regression - Bug #2: Form Reset After Submission › should reset form after successful submission (prevents accidental duplicates) 

    [31mTest timeout of 30000ms exceeded.[39m

    Error: page.click: Test timeout of 30000ms exceeded.
    Call log:
    [2m  - waiting for locator('button:has-text("+ Add Shot")')[22m
    [2m    - locator resolved to <button class="add-shot-btn-results" onclick="app.showAddInjectionModal()">↵                        + Add shot↵             …</button>[22m
    [2m  - attempting click action[22m
    [2m    2 × waiting for element to be visible, enabled and stable[22m
    [2m      - element is not visible[22m
    [2m    - retrying click action[22m
    [2m    - waiting 20ms[22m
    [2m    2 × waiting for element to be visible, enabled and stable[22m
    [2m      - element is not visible[22m
    [2m    - retrying click action[22m
    [2m      - waiting 100ms[22m
    [2m    48 × waiting for element to be visible, enabled and stable[22m
    [2m       - element is not visible[22m
    [2m     - retrying click action[22m
    [2m       - waiting 500ms[22m
    [2m    - waiting for element to be visible, enabled and stable[22m


       at helpers\test-utils.js:105

      103 |  */
      104 | async function openModal(page, selector, modalId = null) {
    > 105 |   await page.click(selector);
          |              ^
      106 |
      107 |   // Wait for modal overlay to become visible (app uses inline style.display = 'flex')
      108 |   await page.waitForFunction(() => {
        at openModal (c:\Users\aland\Documents\reta\tests\helpers\test-utils.js:105:14)
        at c:\Users\aland\Documents\reta\tests\e2e\06-fix-summary-regressions.spec.js:180:15

    attachment #1: screenshot (image/png) ──────────────────────────────────────────────────────────
    test-results\e2e-06-fix-summary-regress-d231f-ents-accidental-duplicates--chromium\test-failed-1.png
    ────────────────────────────────────────────────────────────────────────────────────────────────

    attachment #2: video (video/webm) ──────────────────────────────────────────────────────────────
    test-results\e2e-06-fix-summary-regress-d231f-ents-accidental-duplicates--chromium\video.webm
    ────────────────────────────────────────────────────────────────────────────────────────────────

    Error Context: test-results\e2e-06-fix-summary-regress-d231f-ents-accidental-duplicates--chromium\error-context.md

  26) [chromium] › tests\e2e\06-fix-summary-regressions.spec.js:206:5 › FIX_SUMMARY Regression - Bug #2: Form Reset After Submission › should not create duplicates from confused users (full scenario) 

    [31mTest timeout of 30000ms exceeded.[39m

    Error: page.click: Test timeout of 30000ms exceeded.
    Call log:
    [2m  - waiting for locator('button:has-text("+ Add Shot")')[22m
    [2m    - locator resolved to <button class="add-shot-btn-results" onclick="app.showAddInjectionModal()">↵                        + Add shot↵             …</button>[22m
    [2m  - attempting click action[22m
    [2m    2 × waiting for element to be visible, enabled and stable[22m
    [2m      - element is not visible[22m
    [2m    - retrying click action[22m
    [2m    - waiting 20ms[22m
    [2m    2 × waiting for element to be visible, enabled and stable[22m
    [2m      - element is not visible[22m
    [2m    - retrying click action[22m
    [2m      - waiting 100ms[22m
    [2m    47 × waiting for element to be visible, enabled and stable[22m
    [2m       - element is not visible[22m
    [2m     - retrying click action[22m
    [2m       - waiting 500ms[22m


       at helpers\test-utils.js:105

      103 |  */
      104 | async function openModal(page, selector, modalId = null) {
    > 105 |   await page.click(selector);
          |              ^
      106 |
      107 |   // Wait for modal overlay to become visible (app uses inline style.display = 'flex')
      108 |   await page.waitForFunction(() => {
        at openModal (c:\Users\aland\Documents\reta\tests\helpers\test-utils.js:105:14)
        at c:\Users\aland\Documents\reta\tests\e2e\06-fix-summary-regressions.spec.js:220:15

    attachment #1: screenshot (image/png) ──────────────────────────────────────────────────────────
    test-results\e2e-06-fix-summary-regress-3011c-nfused-users-full-scenario--chromium\test-failed-1.png
    ────────────────────────────────────────────────────────────────────────────────────────────────

    attachment #2: video (video/webm) ──────────────────────────────────────────────────────────────
    test-results\e2e-06-fix-summary-regress-3011c-nfused-users-full-scenario--chromium\video.webm
    ────────────────────────────────────────────────────────────────────────────────────────────────

    Error Context: test-results\e2e-06-fix-summary-regress-3011c-nfused-users-full-scenario--chromium\error-context.md

  27) [chromium] › tests\e2e\06-fix-summary-regressions.spec.js:252:5 › FIX_SUMMARY Regression - Bug #3: Input Validation › should validate dose is between 0-50mg 

    [31mTest timeout of 30000ms exceeded.[39m

    Error: page.click: Test timeout of 30000ms exceeded.
    Call log:
    [2m  - waiting for locator('button:has-text("+ Add Shot")')[22m
    [2m    - locator resolved to <button class="add-shot-btn-results" onclick="app.showAddInjectionModal()">↵                        + Add shot↵             …</button>[22m
    [2m  - attempting click action[22m
    [2m    2 × waiting for element to be visible, enabled and stable[22m
    [2m      - element is not visible[22m
    [2m    - retrying click action[22m
    [2m    - waiting 20ms[22m
    [2m    2 × waiting for element to be visible, enabled and stable[22m
    [2m      - element is not visible[22m
    [2m    - retrying click action[22m
    [2m      - waiting 100ms[22m
    [2m    48 × waiting for element to be visible, enabled and stable[22m
    [2m       - element is not visible[22m
    [2m     - retrying click action[22m
    [2m       - waiting 500ms[22m


       at helpers\test-utils.js:105

      103 |  */
      104 | async function openModal(page, selector, modalId = null) {
    > 105 |   await page.click(selector);
          |              ^
      106 |
      107 |   // Wait for modal overlay to become visible (app uses inline style.display = 'flex')
      108 |   await page.waitForFunction(() => {
        at openModal (c:\Users\aland\Documents\reta\tests\helpers\test-utils.js:105:14)
        at c:\Users\aland\Documents\reta\tests\e2e\06-fix-summary-regressions.spec.js:262:15

    attachment #1: screenshot (image/png) ──────────────────────────────────────────────────────────
    test-results\e2e-06-fix-summary-regress-6d87d-date-dose-is-between-0-50mg-chromium\test-failed-1.png
    ────────────────────────────────────────────────────────────────────────────────────────────────

    attachment #2: video (video/webm) ──────────────────────────────────────────────────────────────
    test-results\e2e-06-fix-summary-regress-6d87d-date-dose-is-between-0-50mg-chromium\video.webm
    ────────────────────────────────────────────────────────────────────────────────────────────────

    Error Context: test-results\e2e-06-fix-summary-regress-6d87d-date-dose-is-between-0-50mg-chromium\error-context.md

  28) [chromium] › tests\e2e\06-fix-summary-regressions.spec.js:281:5 › FIX_SUMMARY Regression - Bug #3: Input Validation › should require vial selection 

    [31mTest timeout of 30000ms exceeded.[39m

    Error: page.click: Test timeout of 30000ms exceeded.
    Call log:
    [2m  - waiting for locator('button:has-text("+ Add Shot")')[22m
    [2m    - locator resolved to <button class="add-shot-btn-results" onclick="app.showAddInjectionModal()">↵                        + Add shot↵             …</button>[22m
    [2m  - attempting click action[22m
    [2m    2 × waiting for element to be visible, enabled and stable[22m
    [2m      - element is not visible[22m
    [2m    - retrying click action[22m
    [2m    - waiting 20ms[22m
    [2m    2 × waiting for element to be visible, enabled and stable[22m
    [2m      - element is not visible[22m
    [2m    - retrying click action[22m
    [2m      - waiting 100ms[22m
    [2m    50 × waiting for element to be visible, enabled and stable[22m
    [2m       - element is not visible[22m
    [2m     - retrying click action[22m
    [2m       - waiting 500ms[22m


       at helpers\test-utils.js:105

      103 |  */
      104 | async function openModal(page, selector, modalId = null) {
    > 105 |   await page.click(selector);
          |              ^
      106 |
      107 |   // Wait for modal overlay to become visible (app uses inline style.display = 'flex')
      108 |   await page.waitForFunction(() => {
        at openModal (c:\Users\aland\Documents\reta\tests\helpers\test-utils.js:105:14)
        at c:\Users\aland\Documents\reta\tests\e2e\06-fix-summary-regressions.spec.js:291:15

    attachment #1: screenshot (image/png) ──────────────────────────────────────────────────────────
    test-results\e2e-06-fix-summary-regress-0dc04-ould-require-vial-selection-chromium\test-failed-1.png
    ────────────────────────────────────────────────────────────────────────────────────────────────

    attachment #2: video (video/webm) ──────────────────────────────────────────────────────────────
    test-results\e2e-06-fix-summary-regress-0dc04-ould-require-vial-selection-chromium\video.webm
    ────────────────────────────────────────────────────────────────────────────────────────────────

    Error Context: test-results\e2e-06-fix-summary-regress-0dc04-ould-require-vial-selection-chromium\error-context.md

  29) [chromium] › tests\e2e\06-fix-summary-regressions.spec.js:309:5 › FIX_SUMMARY Regression - Bug #3: Input Validation › should reject NaN values 

    [31mTest timeout of 30000ms exceeded.[39m

    Error: page.click: Test timeout of 30000ms exceeded.
    Call log:
    [2m  - waiting for locator('button:has-text("+ Add Shot")')[22m
    [2m    - locator resolved to <button class="add-shot-btn-results" onclick="app.showAddInjectionModal()">↵                        + Add shot↵             …</button>[22m
    [2m  - attempting click action[22m
    [2m    2 × waiting for element to be visible, enabled and stable[22m
    [2m      - element is not visible[22m
    [2m    - retrying click action[22m
    [2m    - waiting 20ms[22m
    [2m    2 × waiting for element to be visible, enabled and stable[22m
    [2m      - element is not visible[22m
    [2m    - retrying click action[22m
    [2m      - waiting 100ms[22m
    [2m    53 × waiting for element to be visible, enabled and stable[22m
    [2m       - element is not visible[22m
    [2m     - retrying click action[22m
    [2m       - waiting 500ms[22m


       at helpers\test-utils.js:105

      103 |  */
      104 | async function openModal(page, selector, modalId = null) {
    > 105 |   await page.click(selector);
          |              ^
      106 |
      107 |   // Wait for modal overlay to become visible (app uses inline style.display = 'flex')
      108 |   await page.waitForFunction(() => {
        at openModal (c:\Users\aland\Documents\reta\tests\helpers\test-utils.js:105:14)
        at c:\Users\aland\Documents\reta\tests\e2e\06-fix-summary-regressions.spec.js:319:15

    attachment #1: screenshot (image/png) ──────────────────────────────────────────────────────────
    test-results\e2e-06-fix-summary-regress-5c3d6-on-should-reject-NaN-values-chromium\test-failed-1.png
    ────────────────────────────────────────────────────────────────────────────────────────────────

    attachment #2: video (video/webm) ──────────────────────────────────────────────────────────────
    test-results\e2e-06-fix-summary-regress-5c3d6-on-should-reject-NaN-values-chromium\video.webm
    ────────────────────────────────────────────────────────────────────────────────────────────────

    Error Context: test-results\e2e-06-fix-summary-regress-5c3d6-on-should-reject-NaN-values-chromium\error-context.md

  30) [chromium] › tests\e2e\06-fix-summary-regressions.spec.js:478:5 › FIX_SUMMARY Regression - Integration Test › should prevent all FIX_SUMMARY bugs in realistic workflow 

    [31mTest timeout of 30000ms exceeded.[39m

    Error: page.click: Test timeout of 30000ms exceeded.
    Call log:
    [2m  - waiting for locator('button:has-text("+ Add Shot")')[22m
    [2m    - locator resolved to <button class="add-shot-btn-results" onclick="app.showAddInjectionModal()">↵                        + Add shot↵             …</button>[22m
    [2m  - attempting click action[22m
    [2m    2 × waiting for element to be visible, enabled and stable[22m
    [2m      - element is not visible[22m
    [2m    - retrying click action[22m
    [2m    - waiting 20ms[22m
    [2m    2 × waiting for element to be visible, enabled and stable[22m
    [2m      - element is not visible[22m
    [2m    - retrying click action[22m
    [2m      - waiting 100ms[22m
    [2m    52 × waiting for element to be visible, enabled and stable[22m
    [2m       - element is not visible[22m
    [2m     - retrying click action[22m
    [2m       - waiting 500ms[22m


       at helpers\test-utils.js:105

      103 |  */
      104 | async function openModal(page, selector, modalId = null) {
    > 105 |   await page.click(selector);
          |              ^
      106 |
      107 |   // Wait for modal overlay to become visible (app uses inline style.display = 'flex')
      108 |   await page.waitForFunction(() => {
        at openModal (c:\Users\aland\Documents\reta\tests\helpers\test-utils.js:105:14)
        at c:\Users\aland\Documents\reta\tests\e2e\06-fix-summary-regressions.spec.js:489:15

    attachment #1: screenshot (image/png) ──────────────────────────────────────────────────────────
    test-results\e2e-06-fix-summary-regress-92cdd--bugs-in-realistic-workflow-chromium\test-failed-1.png
    ────────────────────────────────────────────────────────────────────────────────────────────────

    attachment #2: video (video/webm) ──────────────────────────────────────────────────────────────
    test-results\e2e-06-fix-summary-regress-92cdd--bugs-in-realistic-workflow-chromium\video.webm
    ────────────────────────────────────────────────────────────────────────────────────────────────

    Error Context: test-results\e2e-06-fix-summary-regress-92cdd--bugs-in-realistic-workflow-chromium\error-context.md

  31) [chromium] › tests\e2e\07-weight-crud.spec.js:167:5 › Weight CRUD - BMI Calculation › should calculate BMI when height is set in settings 

    Error: [2mexpect([22m[31mreceived[39m[2m).[22mtoBeCloseTo[2m([22m[32mexpected[39m[2m, [22mprecision[2m)[22m

    [1mMatcher error[22m: [31mreceived[39m value must be a number

    Received has value: [31mnull[39m

      187 |         const expectedBMI = 80.0 / (heightM * heightM); // 26.12
      188 |
    > 189 |         expect(weights[0].bmi).toBeCloseTo(expectedBMI, 2);
          |                                ^
      190 |     });
      191 |
      192 |     test('should NOT calculate BMI when height is not set', async ({ page }) => {
        at c:\Users\aland\Documents\reta\tests\e2e\07-weight-crud.spec.js:189:32

    attachment #1: screenshot (image/png) ──────────────────────────────────────────────────────────
    test-results\e2e-07-weight-crud-Weight--c488d-n-height-is-set-in-settings-chromium\test-failed-1.png
    ────────────────────────────────────────────────────────────────────────────────────────────────

    attachment #2: video (video/webm) ──────────────────────────────────────────────────────────────
    test-results\e2e-07-weight-crud-Weight--c488d-n-height-is-set-in-settings-chromium\video.webm
    ────────────────────────────────────────────────────────────────────────────────────────────────

    Error Context: test-results\e2e-07-weight-crud-Weight--c488d-n-height-is-set-in-settings-chromium\error-context.md

  32) [chromium] › tests\e2e\07-weight-crud.spec.js:211:5 › Weight CRUD - BMI Calculation › should calculate correct BMI for different heights 

    Error: [2mexpect([22m[31mreceived[39m[2m).[22mtoBeCloseTo[2m([22m[32mexpected[39m[2m, [22mprecision[2m)[22m

    [1mMatcher error[22m: [31mreceived[39m value must be a number

    Received has value: [31mnull[39m

      233 |
      234 |             const weights = await getWeights(page);
    > 235 |             expect(weights[0].bmi).toBeCloseTo(testCase.expectedBMI, 2);
          |                                    ^
      236 |         }
      237 |     });
      238 | });
        at c:\Users\aland\Documents\reta\tests\e2e\07-weight-crud.spec.js:235:36

    attachment #1: screenshot (image/png) ──────────────────────────────────────────────────────────
    test-results\e2e-07-weight-crud-Weight--aef63-t-BMI-for-different-heights-chromium\test-failed-1.png
    ────────────────────────────────────────────────────────────────────────────────────────────────

    attachment #2: video (video/webm) ──────────────────────────────────────────────────────────────
    test-results\e2e-07-weight-crud-Weight--aef63-t-BMI-for-different-heights-chromium\video.webm
    ────────────────────────────────────────────────────────────────────────────────────────────────

    Error Context: test-results\e2e-07-weight-crud-Weight--aef63-t-BMI-for-different-heights-chromium\error-context.md

  33) [chromium] › tests\e2e\07-weight-crud.spec.js:364:5 › Weight CRUD - DATA PERSISTENCE › should maintain weight order by timestamp (newest first) 

    Error: [2mexpect([22m[31mreceived[39m[2m).[22mtoBe[2m([22m[32mexpected[39m[2m) // Object.is equality[22m

    Expected: [32m"w[7m3[27m"[39m
    Received: [31m"w[7m1[27m"[39m

      377 |         // Should be in timestamp order (implementation dependent)
      378 |         // Most apps show newest first
    > 379 |         expect(loaded[0].id).toBe('w3'); // Newest
          |                              ^
      380 |         expect(loaded[1].id).toBe('w2');
      381 |         expect(loaded[2].id).toBe('w1'); // Oldest
      382 |     });
        at c:\Users\aland\Documents\reta\tests\e2e\07-weight-crud.spec.js:379:30

    attachment #1: screenshot (image/png) ──────────────────────────────────────────────────────────
    test-results\e2e-07-weight-crud-Weight--008f8--by-timestamp-newest-first--chromium\test-failed-1.png
    ────────────────────────────────────────────────────────────────────────────────────────────────

    attachment #2: video (video/webm) ──────────────────────────────────────────────────────────────
    test-results\e2e-07-weight-crud-Weight--008f8--by-timestamp-newest-first--chromium\video.webm
    ────────────────────────────────────────────────────────────────────────────────────────────────

    Error Context: test-results\e2e-07-weight-crud-Weight--008f8--by-timestamp-newest-first--chromium\error-context.md

  34) [chromium] › tests\e2e\07-weight-crud.spec.js:439:5 › Weight CRUD - VALIDATION › should validate weight_kg is not zero 

    Error: [2mexpect([22m[31mreceived[39m[2m).[22mtoBe[2m([22m[32mexpected[39m[2m) // Object.is equality[22m

    Expected: [32mfalse[39m
    Received: [31mtrue[39m

      451 |         const isValid = await weightInput.evaluate((input) => input.checkValidity());
      452 |
    > 453 |         expect(isValid).toBe(false);
          |                         ^
      454 |     });
      455 |
      456 |     test('should validate weight_kg is realistic (not > 500kg)', async ({ page }) => {
        at c:\Users\aland\Documents\reta\tests\e2e\07-weight-crud.spec.js:453:25

    attachment #1: screenshot (image/png) ──────────────────────────────────────────────────────────
    test-results\e2e-07-weight-crud-Weight--9c2bb-idate-weight-kg-is-not-zero-chromium\test-failed-1.png
    ────────────────────────────────────────────────────────────────────────────────────────────────

    attachment #2: video (video/webm) ──────────────────────────────────────────────────────────────
    test-results\e2e-07-weight-crud-Weight--9c2bb-idate-weight-kg-is-not-zero-chromium\video.webm
    ────────────────────────────────────────────────────────────────────────────────────────────────

    Error Context: test-results\e2e-07-weight-crud-Weight--9c2bb-idate-weight-kg-is-not-zero-chromium\error-context.md

  35) [chromium] › tests\e2e\07-weight-crud.spec.js:519:5 › Weight CRUD - Weight Tracking › should track weight history over time 

    Error: [2mexpect([22m[31mreceived[39m[2m).[22mtoBeLessThan[2m([22m[32mexpected[39m[2m)[22m

    Expected: < [32m88[39m
    Received:   [31m90[39m

      534 |
      535 |         // Verify weight trend (losing weight)
    > 536 |         expect(loaded[0].weight_kg).toBeLessThan(loaded[loaded.length - 1].weight_kg);
          |                                     ^
      537 |     });
      538 |
      539 |     test('should calculate weight change (first - last)', async ({ page }) => {
        at c:\Users\aland\Documents\reta\tests\e2e\07-weight-crud.spec.js:536:37

    attachment #1: screenshot (image/png) ──────────────────────────────────────────────────────────
    test-results\e2e-07-weight-crud-Weight--5043c-ck-weight-history-over-time-chromium\test-failed-1.png
    ────────────────────────────────────────────────────────────────────────────────────────────────

    attachment #2: video (video/webm) ──────────────────────────────────────────────────────────────
    test-results\e2e-07-weight-crud-Weight--5043c-ck-weight-history-over-time-chromium\video.webm
    ────────────────────────────────────────────────────────────────────────────────────────────────

    Error Context: test-results\e2e-07-weight-crud-Weight--5043c-ck-weight-history-over-time-chromium\error-context.md

  36) [chromium] › tests\e2e\07-weight-crud.spec.js:539:5 › Weight CRUD - Weight Tracking › should calculate weight change (first - last) 

    Error: [2mexpect([22m[31mreceived[39m[2m).[22mtoBe[2m([22m[32mexpected[39m[2m) // Object.is equality[22m

    Expected: [32m5[39m
    Received: [31m-5[39m

      551 |         const change = firstWeight - lastWeight;
      552 |
    > 553 |         expect(change).toBe(5.0); // Lost 5kg
          |                        ^
      554 |     });
      555 |
      556 |     test('should handle weight gain (negative change)', async ({ page }) => {
        at c:\Users\aland\Documents\reta\tests\e2e\07-weight-crud.spec.js:553:24

    attachment #1: screenshot (image/png) ──────────────────────────────────────────────────────────
    test-results\e2e-07-weight-crud-Weight--c7379-weight-change-first---last--chromium\test-failed-1.png
    ────────────────────────────────────────────────────────────────────────────────────────────────

    attachment #2: video (video/webm) ──────────────────────────────────────────────────────────────
    test-results\e2e-07-weight-crud-Weight--c7379-weight-change-first---last--chromium\video.webm
    ────────────────────────────────────────────────────────────────────────────────────────────────

    Error Context: test-results\e2e-07-weight-crud-Weight--c7379-weight-change-first---last--chromium\error-context.md

  37) [chromium] › tests\e2e\07-weight-crud.spec.js:556:5 › Weight CRUD - Weight Tracking › should handle weight gain (negative change) 

    Error: [2mexpect([22m[31mreceived[39m[2m).[22mtoBe[2m([22m[32mexpected[39m[2m) // Object.is equality[22m

    Expected: [32m-2[39m
    Received: [31m2[39m

      568 |         const change = firstWeight - lastWeight;
      569 |
    > 570 |         expect(change).toBe(-2.0); // Gained 2kg
          |                        ^
      571 |     });
      572 | });
      573 |
        at c:\Users\aland\Documents\reta\tests\e2e\07-weight-crud.spec.js:570:24

    attachment #1: screenshot (image/png) ──────────────────────────────────────────────────────────
    test-results\e2e-07-weight-crud-Weight--b3b2b-eight-gain-negative-change--chromium\test-failed-1.png
    ────────────────────────────────────────────────────────────────────────────────────────────────

    attachment #2: video (video/webm) ──────────────────────────────────────────────────────────────
    test-results\e2e-07-weight-crud-Weight--b3b2b-eight-gain-negative-change--chromium\video.webm
    ────────────────────────────────────────────────────────────────────────────────────────────────

    Error Context: test-results\e2e-07-weight-crud-Weight--b3b2b-eight-gain-negative-change--chromium\error-context.md

  38) [chromium] › tests\e2e\08-calculations.spec.js:81:5 › Calculations - Medication Level › should calculate sum of multiple injections 

    Error: [2mexpect([22m[31mreceived[39m[2m).[22mtoBeGreaterThan[2m([22m[32mexpected[39m[2m)[22m

    Expected: > [32m2.5[39m
    Received:   [31m2.4604740651551253[39m

      109 |         expect(result.validCount).toBe(3);
      110 |         // Sum should be > 2.5 (recent doses decay slowly)
    > 111 |         expect(result.value).toBeGreaterThan(2.5);
          |                              ^
      112 |     });
      113 |
      114 |     test('should return 0 when no injections', async ({ page }) => {
        at c:\Users\aland\Documents\reta\tests\e2e\08-calculations.spec.js:111:30

    attachment #1: screenshot (image/png) ──────────────────────────────────────────────────────────
    test-results\e2e-08-calculations-Calcul-ce965--sum-of-multiple-injections-chromium\test-failed-1.png
    ────────────────────────────────────────────────────────────────────────────────────────────────

    attachment #2: video (video/webm) ──────────────────────────────────────────────────────────────
    test-results\e2e-08-calculations-Calcul-ce965--sum-of-multiple-injections-chromium\video.webm
    ────────────────────────────────────────────────────────────────────────────────────────────────

    Error Context: test-results\e2e-08-calculations-Calcul-ce965--sum-of-multiple-injections-chromium\error-context.md

  39) [chromium] › tests\e2e\08-calculations.spec.js:448:5 › Calculations - BMI Edge Cases › should calculate BMI at extreme low height (140cm) 

    Error: [2mexpect([22m[31mreceived[39m[2m).[22mtoBeCloseTo[2m([22m[32mexpected[39m[2m, [22mprecision[2m)[22m

    [1mMatcher error[22m: [31mreceived[39m value must be a number

    Received has value: [31mnull[39m

      462 |         });
      463 |
    > 464 |         expect(weights[0].bmi).toBeCloseTo(expectedBMI, 2);
          |                                ^
      465 |     });
      466 |
      467 |     test('should calculate BMI at extreme high height (220cm)', async ({ page }) => {
        at c:\Users\aland\Documents\reta\tests\e2e\08-calculations.spec.js:464:32

    attachment #1: screenshot (image/png) ──────────────────────────────────────────────────────────
    test-results\e2e-08-calculations-Calcul-0ea2d-t-extreme-low-height-140cm--chromium\test-failed-1.png
    ────────────────────────────────────────────────────────────────────────────────────────────────

    attachment #2: video (video/webm) ──────────────────────────────────────────────────────────────
    test-results\e2e-08-calculations-Calcul-0ea2d-t-extreme-low-height-140cm--chromium\video.webm
    ────────────────────────────────────────────────────────────────────────────────────────────────

    Error Context: test-results\e2e-08-calculations-Calcul-0ea2d-t-extreme-low-height-140cm--chromium\error-context.md

  40) [chromium] › tests\e2e\08-calculations.spec.js:467:5 › Calculations - BMI Edge Cases › should calculate BMI at extreme high height (220cm) 

    Error: [2mexpect([22m[31mreceived[39m[2m).[22mtoBeCloseTo[2m([22m[32mexpected[39m[2m, [22mprecision[2m)[22m

    [1mMatcher error[22m: [31mreceived[39m value must be a number

    Received has value: [31mnull[39m

      480 |         });
      481 |
    > 482 |         expect(weights[0].bmi).toBeCloseTo(expectedBMI, 2);
          |                                ^
      483 |     });
      484 |
      485 |     test('should calculate BMI at low weight (40kg)', async ({ page }) => {
        at c:\Users\aland\Documents\reta\tests\e2e\08-calculations.spec.js:482:32

    attachment #1: screenshot (image/png) ──────────────────────────────────────────────────────────
    test-results\e2e-08-calculations-Calcul-aa177--extreme-high-height-220cm--chromium\test-failed-1.png
    ────────────────────────────────────────────────────────────────────────────────────────────────

    attachment #2: video (video/webm) ──────────────────────────────────────────────────────────────
    test-results\e2e-08-calculations-Calcul-aa177--extreme-high-height-220cm--chromium\video.webm
    ────────────────────────────────────────────────────────────────────────────────────────────────

    Error Context: test-results\e2e-08-calculations-Calcul-aa177--extreme-high-height-220cm--chromium\error-context.md

  41) [chromium] › tests\e2e\08-calculations.spec.js:485:5 › Calculations - BMI Edge Cases › should calculate BMI at low weight (40kg) 

    Error: [2mexpect([22m[31mreceived[39m[2m).[22mtoBeCloseTo[2m([22m[32mexpected[39m[2m, [22mprecision[2m)[22m

    [1mMatcher error[22m: [31mreceived[39m value must be a number

    Received has value: [31mnull[39m

      498 |         });
      499 |
    > 500 |         expect(weights[0].bmi).toBeCloseTo(expectedBMI, 2);
          |                                ^
      501 |     });
      502 |
      503 |     test('should calculate BMI at high weight (150kg)', async ({ page }) => {
        at c:\Users\aland\Documents\reta\tests\e2e\08-calculations.spec.js:500:32

    attachment #1: screenshot (image/png) ──────────────────────────────────────────────────────────
    test-results\e2e-08-calculations-Calcul-8ba7d-ate-BMI-at-low-weight-40kg--chromium\test-failed-1.png
    ────────────────────────────────────────────────────────────────────────────────────────────────

    attachment #2: video (video/webm) ──────────────────────────────────────────────────────────────
    test-results\e2e-08-calculations-Calcul-8ba7d-ate-BMI-at-low-weight-40kg--chromium\video.webm
    ────────────────────────────────────────────────────────────────────────────────────────────────

    Error Context: test-results\e2e-08-calculations-Calcul-8ba7d-ate-BMI-at-low-weight-40kg--chromium\error-context.md

  42) [chromium] › tests\e2e\08-calculations.spec.js:503:5 › Calculations - BMI Edge Cases › should calculate BMI at high weight (150kg) 

    Error: [2mexpect([22m[31mreceived[39m[2m).[22mtoBeCloseTo[2m([22m[32mexpected[39m[2m, [22mprecision[2m)[22m

    [1mMatcher error[22m: [31mreceived[39m value must be a number

    Received has value: [31mnull[39m

      516 |         });
      517 |
    > 518 |         expect(weights[0].bmi).toBeCloseTo(expectedBMI, 2);
          |                                ^
      519 |     });
      520 |
      521 |     test('should handle BMI categories correctly', async ({ page }) => {
        at c:\Users\aland\Documents\reta\tests\e2e\08-calculations.spec.js:518:32

    attachment #1: screenshot (image/png) ──────────────────────────────────────────────────────────
    test-results\e2e-08-calculations-Calcul-c0f35-e-BMI-at-high-weight-150kg--chromium\test-failed-1.png
    ────────────────────────────────────────────────────────────────────────────────────────────────

    attachment #2: video (video/webm) ──────────────────────────────────────────────────────────────
    test-results\e2e-08-calculations-Calcul-c0f35-e-BMI-at-high-weight-150kg--chromium\video.webm
    ────────────────────────────────────────────────────────────────────────────────────────────────

    Error Context: test-results\e2e-08-calculations-Calcul-c0f35-e-BMI-at-high-weight-150kg--chromium\error-context.md

  43) [chromium] › tests\e2e\08-calculations.spec.js:521:5 › Calculations - BMI Edge Cases › should handle BMI categories correctly 

    Error: [2mexpect([22m[31mreceived[39m[2m).[22mtoBeCloseTo[2m([22m[32mexpected[39m[2m, [22mprecision[2m)[22m

    [1mMatcher error[22m: [31mreceived[39m value must be a number

    Received has value: [31mnull[39m

      540 |             });
      541 |
    > 542 |             expect(weights[0].bmi).toBeCloseTo(testCase.expectedBMI, 2);
          |                                    ^
      543 |         }
      544 |     });
      545 |
        at c:\Users\aland\Documents\reta\tests\e2e\08-calculations.spec.js:542:36

    attachment #1: screenshot (image/png) ──────────────────────────────────────────────────────────
    test-results\e2e-08-calculations-Calcul-c83a2-le-BMI-categories-correctly-chromium\test-failed-1.png
    ────────────────────────────────────────────────────────────────────────────────────────────────

    attachment #2: video (video/webm) ──────────────────────────────────────────────────────────────
    test-results\e2e-08-calculations-Calcul-c83a2-le-BMI-categories-correctly-chromium\video.webm
    ────────────────────────────────────────────────────────────────────────────────────────────────

    Error Context: test-results\e2e-08-calculations-Calcul-c83a2-le-BMI-categories-correctly-chromium\error-context.md

  44) [chromium] › tests\e2e\09-visual-validation.spec.js:62:5 › Visual Validation - Supply Forecast Indicators › should show warning indicator when supply < 4 weeks 

    Error: [2mexpect([22m[31mreceived[39m[2m).[22mnot[2m.[22mtoBeNull[2m()[22m

    Received: [31mnull[39m

      76 |         // Should contain warning class (yellow warning sign)
      77 |         const hasWarning = await page.$('#supply-duration-validation-indicator .validation-warning');
    > 78 |         expect(hasWarning).not.toBeNull();
         |                                ^
      79 |     });
      80 |
      81 |     test('should show error indicator when no vials', async ({ page }) => {
        at c:\Users\aland\Documents\reta\tests\e2e\09-visual-validation.spec.js:78:32

    attachment #1: screenshot (image/png) ──────────────────────────────────────────────────────────
    test-results\e2e-09-visual-validation-V-41dc3-dicator-when-supply-4-weeks-chromium\test-failed-1.png
    ────────────────────────────────────────────────────────────────────────────────────────────────

    attachment #2: video (video/webm) ──────────────────────────────────────────────────────────────
    test-results\e2e-09-visual-validation-V-41dc3-dicator-when-supply-4-weeks-chromium\video.webm
    ────────────────────────────────────────────────────────────────────────────────────────────────

    Error Context: test-results\e2e-09-visual-validation-V-41dc3-dicator-when-supply-4-weeks-chromium\error-context.md

  45) [chromium] › tests\e2e\09-visual-validation.spec.js:232:5 › Visual Validation - UI State › should show data rows when data exists 

    Error: [2mexpect([22m[31mreceived[39m[2m).[22mtoBe[2m([22m[32mexpected[39m[2m) // Object.is equality[22m

    Expected: [32mtrue[39m
    Received: [31mfalse[39m

      249 |         });
      250 |
    > 251 |         expect(hasData).toBe(true);
          |                         ^
      252 |     });
      253 |
      254 |     test('should hide modal by default', async ({ page }) => {
        at c:\Users\aland\Documents\reta\tests\e2e\09-visual-validation.spec.js:251:25

    attachment #1: screenshot (image/png) ──────────────────────────────────────────────────────────
    test-results\e2e-09-visual-validation-V-1e925--data-rows-when-data-exists-chromium\test-failed-1.png
    ────────────────────────────────────────────────────────────────────────────────────────────────

    attachment #2: video (video/webm) ──────────────────────────────────────────────────────────────
    test-results\e2e-09-visual-validation-V-1e925--data-rows-when-data-exists-chromium\video.webm
    ────────────────────────────────────────────────────────────────────────────────────────────────

    Error Context: test-results\e2e-09-visual-validation-V-1e925--data-rows-when-data-exists-chromium\error-context.md

  46) [chromium] › tests\e2e\09-visual-validation.spec.js:262:5 › Visual Validation - UI State › should show modal when opened 

    [31mTest timeout of 30000ms exceeded.[39m

    Error: page.click: Test timeout of 30000ms exceeded.
    Call log:
    [2m  - waiting for locator('button:has-text("+ Add Shot")')[22m
    [2m    - locator resolved to <button class="add-shot-btn-results" onclick="app.showAddInjectionModal()">↵                        + Add shot↵             …</button>[22m
    [2m  - attempting click action[22m
    [2m    2 × waiting for element to be visible, enabled and stable[22m
    [2m      - element is not visible[22m
    [2m    - retrying click action[22m
    [2m    - waiting 20ms[22m
    [2m    2 × waiting for element to be visible, enabled and stable[22m
    [2m      - element is not visible[22m
    [2m    - retrying click action[22m
    [2m      - waiting 100ms[22m
    [2m    52 × waiting for element to be visible, enabled and stable[22m
    [2m       - element is not visible[22m
    [2m     - retrying click action[22m
    [2m       - waiting 500ms[22m


      266 |
      267 |         await navigateToTab(page, 'shots');
    > 268 |         await page.click('button:has-text("+ Add Shot")');
          |                    ^
      269 |
      270 |         // Wait for modal to appear
      271 |         await page.waitForSelector('#modal-overlay', { timeout: 2000 });
        at c:\Users\aland\Documents\reta\tests\e2e\09-visual-validation.spec.js:268:20

    attachment #1: screenshot (image/png) ──────────────────────────────────────────────────────────
    test-results\e2e-09-visual-validation-V-63a2e-ould-show-modal-when-opened-chromium\test-failed-1.png
    ────────────────────────────────────────────────────────────────────────────────────────────────

    attachment #2: video (video/webm) ──────────────────────────────────────────────────────────────
    test-results\e2e-09-visual-validation-V-63a2e-ould-show-modal-when-opened-chromium\video.webm
    ────────────────────────────────────────────────────────────────────────────────────────────────

    Error Context: test-results\e2e-09-visual-validation-V-63a2e-ould-show-modal-when-opened-chromium\error-context.md

  47) [chromium] › tests\e2e\09-visual-validation.spec.js:277:5 › Visual Validation - UI State › should show form validation state (invalid input) 

    [31mTest timeout of 30000ms exceeded.[39m

    Error: page.click: Test timeout of 30000ms exceeded.
    Call log:
    [2m  - waiting for locator('button:has-text("+ Add Shot")')[22m
    [2m    - locator resolved to <button class="add-shot-btn-results" onclick="app.showAddInjectionModal()">↵                        + Add shot↵             …</button>[22m
    [2m  - attempting click action[22m
    [2m    2 × waiting for element to be visible, enabled and stable[22m
    [2m      - element is not visible[22m
    [2m    - retrying click action[22m
    [2m    - waiting 20ms[22m
    [2m    2 × waiting for element to be visible, enabled and stable[22m
    [2m      - element is not visible[22m
    [2m    - retrying click action[22m
    [2m      - waiting 100ms[22m
    [2m    51 × waiting for element to be visible, enabled and stable[22m
    [2m       - element is not visible[22m
    [2m     - retrying click action[22m
    [2m       - waiting 500ms[22m


      281 |
      282 |         await navigateToTab(page, 'shots');
    > 283 |         await page.click('button:has-text("+ Add Shot")');
          |                    ^
      284 |         await page.waitForSelector('#modal-overlay', { timeout: 2000 });
      285 |
      286 |         // Enter invalid dose
        at c:\Users\aland\Documents\reta\tests\e2e\09-visual-validation.spec.js:283:20

    attachment #1: screenshot (image/png) ──────────────────────────────────────────────────────────
    test-results\e2e-09-visual-validation-V-87bc5-dation-state-invalid-input--chromium\test-failed-1.png
    ────────────────────────────────────────────────────────────────────────────────────────────────

    attachment #2: video (video/webm) ──────────────────────────────────────────────────────────────
    test-results\e2e-09-visual-validation-V-87bc5-dation-state-invalid-input--chromium\video.webm
    ────────────────────────────────────────────────────────────────────────────────────────────────

    Error Context: test-results\e2e-09-visual-validation-V-87bc5-dation-state-invalid-input--chromium\error-context.md

  48) [chromium] › tests\e2e\09-visual-validation.spec.js:397:5 › Visual Validation - Loading States › should show save indicator after data save 

    [31mTest timeout of 30000ms exceeded.[39m

    Error: page.click: Test timeout of 30000ms exceeded.
    Call log:
    [2m  - waiting for locator('button:has-text("+ Add Shot")')[22m
    [2m    - locator resolved to <button class="add-shot-btn-results" onclick="app.showAddInjectionModal()">↵                        + Add shot↵             …</button>[22m
    [2m  - attempting click action[22m
    [2m    2 × waiting for element to be visible, enabled and stable[22m
    [2m      - element is not visible[22m
    [2m    - retrying click action[22m
    [2m    - waiting 20ms[22m
    [2m    2 × waiting for element to be visible, enabled and stable[22m
    [2m      - element is not visible[22m
    [2m    - retrying click action[22m
    [2m      - waiting 100ms[22m
    [2m    53 × waiting for element to be visible, enabled and stable[22m
    [2m       - element is not visible[22m
    [2m     - retrying click action[22m
    [2m       - waiting 500ms[22m


      401 |
      402 |         await navigateToTab(page, 'shots');
    > 403 |         await page.click('button:has-text("+ Add Shot")');
          |                    ^
      404 |         await page.waitForSelector('#modal-overlay', { timeout: 2000 });
      405 |
      406 |         await page.fill('#shot-date', '2025-11-07');
        at c:\Users\aland\Documents\reta\tests\e2e\09-visual-validation.spec.js:403:20

    attachment #1: screenshot (image/png) ──────────────────────────────────────────────────────────
    test-results\e2e-09-visual-validation-V-bb01e-e-indicator-after-data-save-chromium\test-failed-1.png
    ────────────────────────────────────────────────────────────────────────────────────────────────

    attachment #2: video (video/webm) ──────────────────────────────────────────────────────────────
    test-results\e2e-09-visual-validation-V-bb01e-e-indicator-after-data-save-chromium\video.webm
    ────────────────────────────────────────────────────────────────────────────────────────────────

    Error Context: test-results\e2e-09-visual-validation-V-bb01e-e-indicator-after-data-save-chromium\error-context.md

  49) [chromium] › tests\e2e\09-visual-validation.spec.js:446:5 › Visual Validation - Responsive Elements › should show navigation buttons 

    Error: [2mexpect([22m[31mreceived[39m[2m).[22mtoBeGreaterThanOrEqual[2m([22m[32mexpected[39m[2m)[22m

    Expected: >= [32m4[39m
    Received:    [31m0[39m

      449 |
      450 |         const navButtons = await page.$$('.nav-tabs button');
    > 451 |         expect(navButtons.length).toBeGreaterThanOrEqual(4); // At least 4 tabs
          |                                   ^
      452 |     });
      453 |
      454 |     test('should show action buttons on each tab', async ({ page }) => {
        at c:\Users\aland\Documents\reta\tests\e2e\09-visual-validation.spec.js:451:35

    attachment #1: screenshot (image/png) ──────────────────────────────────────────────────────────
    test-results\e2e-09-visual-validation-V-ad4d1-uld-show-navigation-buttons-chromium\test-failed-1.png
    ────────────────────────────────────────────────────────────────────────────────────────────────

    attachment #2: video (video/webm) ──────────────────────────────────────────────────────────────
    test-results\e2e-09-visual-validation-V-ad4d1-uld-show-navigation-buttons-chromium\video.webm
    ────────────────────────────────────────────────────────────────────────────────────────────────

    Error Context: test-results\e2e-09-visual-validation-V-ad4d1-uld-show-navigation-buttons-chromium\error-context.md

  50) [chromium] › tests\e2e\09-visual-validation.spec.js:454:5 › Visual Validation - Responsive Elements › should show action buttons on each tab 

    Error: [2mexpect([22m[31mreceived[39m[2m).[22mnot[2m.[22mtoBeNull[2m()[22m

    Received: [31mnull[39m

      464 |         await navigateToTab(page, 'inventory');
      465 |         const addVialButton = await page.$('button:has-text("+ Add Vial")');
    > 466 |         expect(addVialButton).not.toBeNull();
          |                                   ^
      467 |
      468 |         // Results tab - Add Weight button
      469 |         await navigateToTab(page, 'results');
        at c:\Users\aland\Documents\reta\tests\e2e\09-visual-validation.spec.js:466:35

    attachment #1: screenshot (image/png) ──────────────────────────────────────────────────────────
    test-results\e2e-09-visual-validation-V-f6e8e--action-buttons-on-each-tab-chromium\test-failed-1.png
    ────────────────────────────────────────────────────────────────────────────────────────────────

    attachment #2: video (video/webm) ──────────────────────────────────────────────────────────────
    test-results\e2e-09-visual-validation-V-f6e8e--action-buttons-on-each-tab-chromium\video.webm
    ────────────────────────────────────────────────────────────────────────────────────────────────

    Error Context: test-results\e2e-09-visual-validation-V-f6e8e--action-buttons-on-each-tab-chromium\error-context.md

  51) [chromium] › tests\e2e\09-visual-validation.spec.js:474:5 › Visual Validation - Responsive Elements › should render tables with headers 

    Error: [2mexpect([22m[31mreceived[39m[2m).[22mtoBe[2m([22m[32mexpected[39m[2m) // Object.is equality[22m

    Expected: [32mtrue[39m
    Received: [31mfalse[39m

      488 |         });
      489 |
    > 490 |         expect(hasTable).toBe(true);
          |                          ^
      491 |     });
      492 | });
      493 |
        at c:\Users\aland\Documents\reta\tests\e2e\09-visual-validation.spec.js:490:26

    attachment #1: screenshot (image/png) ──────────────────────────────────────────────────────────
    test-results\e2e-09-visual-validation-V-ce790--render-tables-with-headers-chromium\test-failed-1.png
    ────────────────────────────────────────────────────────────────────────────────────────────────

    attachment #2: video (video/webm) ──────────────────────────────────────────────────────────────
    test-results\e2e-09-visual-validation-V-ce790--render-tables-with-headers-chromium\video.webm
    ────────────────────────────────────────────────────────────────────────────────────────────────

    Error Context: test-results\e2e-09-visual-validation-V-ce790--render-tables-with-headers-chromium\error-context.md

  52) [chromium] › tests\e2e\10-chart-rendering.spec.js:129:5 › Chart Rendering - Weight Chart › should handle empty chart (no weights) 

    Error: [2mexpect([22m[31mreceived[39m[2m).[22mnot[2m.[22mtoBeNull[2m()[22m

    Received: [31mnull[39m

      134 |         // Chart canvas should still exist
      135 |         const chartCanvas = await page.$('#weight-only-chart');
    > 136 |         expect(chartCanvas).not.toBeNull();
          |                                 ^
      137 |
      138 |         // Chart should have 0 data points
      139 |         const dataPointCount = await page.evaluate(() => {
        at c:\Users\aland\Documents\reta\tests\e2e\10-chart-rendering.spec.js:136:33

    attachment #1: screenshot (image/png) ──────────────────────────────────────────────────────────
    test-results\e2e-10-chart-rendering-Cha-4894a-dle-empty-chart-no-weights--chromium\test-failed-1.png
    ────────────────────────────────────────────────────────────────────────────────────────────────

    attachment #2: video (video/webm) ──────────────────────────────────────────────────────────────
    test-results\e2e-10-chart-rendering-Cha-4894a-dle-empty-chart-no-weights--chromium\video.webm
    ────────────────────────────────────────────────────────────────────────────────────────────────

    Error Context: test-results\e2e-10-chart-rendering-Cha-4894a-dle-empty-chart-no-weights--chromium\error-context.md

  53) [chromium] › tests\e2e\10-chart-rendering.spec.js:321:5 › Chart Rendering - Chart Container › should have canvas element inside container 

    Error: [2mexpect([22m[31mreceived[39m[2m).[22mnot[2m.[22mtoBeNull[2m()[22m

    Received: [31mnull[39m

      325 |
      326 |         const canvasInContainer = await page.$('.chart-container canvas');
    > 327 |         expect(canvasInContainer).not.toBeNull();
          |                                       ^
      328 |     });
      329 |
      330 |     test('should have chart title or heading', async ({ page }) => {
        at c:\Users\aland\Documents\reta\tests\e2e\10-chart-rendering.spec.js:327:39

    attachment #1: screenshot (image/png) ──────────────────────────────────────────────────────────
    test-results\e2e-10-chart-rendering-Cha-473d8-as-element-inside-container-chromium\test-failed-1.png
    ────────────────────────────────────────────────────────────────────────────────────────────────

    attachment #2: video (video/webm) ──────────────────────────────────────────────────────────────
    test-results\e2e-10-chart-rendering-Cha-473d8-as-element-inside-container-chromium\video.webm
    ────────────────────────────────────────────────────────────────────────────────────────────────

    Error Context: test-results\e2e-10-chart-rendering-Cha-473d8-as-element-inside-container-chromium\error-context.md

  54) [chromium] › tests\e2e\11-settings.spec.js:36:5 › Settings - Height Configuration › should save height setting 

    [31mTest timeout of 30000ms exceeded.[39m

    Error: page.fill: Test timeout of 30000ms exceeded.
    Call log:
    [2m  - waiting for locator('#height')[22m


      40 |
      41 |         // Set height
    > 42 |         await page.fill('#height', '175');
         |                    ^
      43 |
      44 |         // Settings should auto-save or save on blur
      45 |         await page.evaluate(() => {
        at c:\Users\aland\Documents\reta\tests\e2e\11-settings.spec.js:42:20

    attachment #1: screenshot (image/png) ──────────────────────────────────────────────────────────
    test-results\e2e-11-settings-Settings---57a0d--should-save-height-setting-chromium\test-failed-1.png
    ────────────────────────────────────────────────────────────────────────────────────────────────

    attachment #2: video (video/webm) ──────────────────────────────────────────────────────────────
    test-results\e2e-11-settings-Settings---57a0d--should-save-height-setting-chromium\video.webm
    ────────────────────────────────────────────────────────────────────────────────────────────────

    Error Context: test-results\e2e-11-settings-Settings---57a0d--should-save-height-setting-chromium\error-context.md

  55) [chromium] › tests\e2e\11-settings.spec.js:57:5 › Settings - Height Configuration › should persist height across reload 

    [31mTest timeout of 30000ms exceeded.[39m

    Error: page.inputValue: Test timeout of 30000ms exceeded.
    Call log:
    [2m  - waiting for locator('#height')[22m


      62 |
      63 |         // Check if height is loaded
    > 64 |         const heightValue = await page.inputValue('#height');
         |                                        ^
      65 |         expect(heightValue).toBe('180');
      66 |     });
      67 |
        at c:\Users\aland\Documents\reta\tests\e2e\11-settings.spec.js:64:40

    attachment #1: screenshot (image/png) ──────────────────────────────────────────────────────────
    test-results\e2e-11-settings-Settings---f4363-ersist-height-across-reload-chromium\test-failed-1.png
    ────────────────────────────────────────────────────────────────────────────────────────────────

    attachment #2: video (video/webm) ──────────────────────────────────────────────────────────────
    test-results\e2e-11-settings-Settings---f4363-ersist-height-across-reload-chromium\video.webm
    ────────────────────────────────────────────────────────────────────────────────────────────────

    Error Context: test-results\e2e-11-settings-Settings---f4363-ersist-height-across-reload-chromium\error-context.md

  56) [chromium] › tests\e2e\11-settings.spec.js:68:5 › Settings - Height Configuration › should affect BMI calculation when height is set 

    Error: [2mexpect([22m[31mreceived[39m[2m).[22mnot[2m.[22mtoBeNull[2m()[22m

    Received: [31mnull[39m

      80 |
      81 |         expect(weights[0].bmi).toBeDefined();
    > 82 |         expect(weights[0].bmi).not.toBeNull();
         |                                    ^
      83 |         expect(weights[0].bmi).toBeCloseTo(26.12, 1); // 80 / (1.75²)
      84 |     });
      85 |
        at c:\Users\aland\Documents\reta\tests\e2e\11-settings.spec.js:82:36

    attachment #1: screenshot (image/png) ──────────────────────────────────────────────────────────
    test-results\e2e-11-settings-Settings---d4caa-culation-when-height-is-set-chromium\test-failed-1.png
    ────────────────────────────────────────────────────────────────────────────────────────────────

    attachment #2: video (video/webm) ──────────────────────────────────────────────────────────────
    test-results\e2e-11-settings-Settings---d4caa-culation-when-height-is-set-chromium\video.webm
    ────────────────────────────────────────────────────────────────────────────────────────────────

    Error Context: test-results\e2e-11-settings-Settings---d4caa-culation-when-height-is-set-chromium\error-context.md

  57) [chromium] › tests\e2e\11-settings.spec.js:101:5 › Settings - Height Configuration › should validate height is positive 

    [31mTest timeout of 30000ms exceeded.[39m

    Error: page.fill: Test timeout of 30000ms exceeded.
    Call log:
    [2m  - waiting for locator('#height')[22m


      105 |
      106 |         // Try to set negative height
    > 107 |         await page.fill('#height', '-10');
          |                    ^
      108 |
      109 |         const heightInput = await page.$('#height');
      110 |         const isValid = await heightInput.evaluate(input => input.checkValidity());
        at c:\Users\aland\Documents\reta\tests\e2e\11-settings.spec.js:107:20

    attachment #1: screenshot (image/png) ──────────────────────────────────────────────────────────
    test-results\e2e-11-settings-Settings---a51db-validate-height-is-positive-chromium\test-failed-1.png
    ────────────────────────────────────────────────────────────────────────────────────────────────

    attachment #2: video (video/webm) ──────────────────────────────────────────────────────────────
    test-results\e2e-11-settings-Settings---a51db-validate-height-is-positive-chromium\video.webm
    ────────────────────────────────────────────────────────────────────────────────────────────────

    Error Context: test-results\e2e-11-settings-Settings---a51db-validate-height-is-positive-chromium\error-context.md

  58) [chromium] › tests\e2e\11-settings.spec.js:115:5 › Settings - Height Configuration › should validate height is realistic (< 300cm) 

    [31mTest timeout of 30000ms exceeded.[39m

    Error: page.fill: Test timeout of 30000ms exceeded.
    Call log:
    [2m  - waiting for locator('#height')[22m


      119 |
      120 |         // Try to set unrealistic height
    > 121 |         await page.fill('#height', '500');
          |                    ^
      122 |
      123 |         const heightInput = await page.$('#height');
      124 |         const maxValue = await heightInput.evaluate(input => input.max);
        at c:\Users\aland\Documents\reta\tests\e2e\11-settings.spec.js:121:20

    attachment #1: screenshot (image/png) ──────────────────────────────────────────────────────────
    test-results\e2e-11-settings-Settings---907da--height-is-realistic-300cm--chromium\test-failed-1.png
    ────────────────────────────────────────────────────────────────────────────────────────────────

    attachment #2: video (video/webm) ──────────────────────────────────────────────────────────────
    test-results\e2e-11-settings-Settings---907da--height-is-realistic-300cm--chromium\video.webm
    ────────────────────────────────────────────────────────────────────────────────────────────────

    Error Context: test-results\e2e-11-settings-Settings---907da--height-is-realistic-300cm--chromium\error-context.md

  59) [chromium] › tests\e2e\11-settings.spec.js:263:5 › Settings - Data Persistence › should update settings without affecting data 

    [31mTest timeout of 30000ms exceeded.[39m

    Error: page.fill: Test timeout of 30000ms exceeded.
    Call log:
    [2m  - waiting for locator('#height')[22m


      271 |
      272 |         // Change a setting
    > 273 |         await page.fill('#height', '180');
          |                    ^
      274 |         await page.evaluate(() => {
      275 |             const event = new Event('change', { bubbles: true });
      276 |             document.getElementById('height').dispatchEvent(event);
        at c:\Users\aland\Documents\reta\tests\e2e\11-settings.spec.js:273:20

    attachment #1: screenshot (image/png) ──────────────────────────────────────────────────────────
    test-results\e2e-11-settings-Settings---67a08-ings-without-affecting-data-chromium\test-failed-1.png
    ────────────────────────────────────────────────────────────────────────────────────────────────

    attachment #2: video (video/webm) ──────────────────────────────────────────────────────────────
    test-results\e2e-11-settings-Settings---67a08-ings-without-affecting-data-chromium\video.webm
    ────────────────────────────────────────────────────────────────────────────────────────────────

    Error Context: test-results\e2e-11-settings-Settings---67a08-ings-without-affecting-data-chromium\error-context.md

  60) [chromium] › tests\e2e\11-settings.spec.js:299:5 › Settings - UI Elements › should show settings tab 

    Error: [2mexpect([22m[31mreceived[39m[2m).[22mnot[2m.[22mtoBeNull[2m()[22m

    Received: [31mnull[39m

      302 |
      303 |         const settingsTab = await page.$('button[onclick="app.switchTab(\'settings\')"]');
    > 304 |         expect(settingsTab).not.toBeNull();
          |                                 ^
      305 |     });
      306 |
      307 |     test('should show height input field', async ({ page }) => {
        at c:\Users\aland\Documents\reta\tests\e2e\11-settings.spec.js:304:33

    attachment #1: screenshot (image/png) ──────────────────────────────────────────────────────────
    test-results\e2e-11-settings-Settings---41bb2-ts-should-show-settings-tab-chromium\test-failed-1.png
    ────────────────────────────────────────────────────────────────────────────────────────────────

    attachment #2: video (video/webm) ──────────────────────────────────────────────────────────────
    test-results\e2e-11-settings-Settings---41bb2-ts-should-show-settings-tab-chromium\video.webm
    ────────────────────────────────────────────────────────────────────────────────────────────────

    Error Context: test-results\e2e-11-settings-Settings---41bb2-ts-should-show-settings-tab-chromium\error-context.md

  61) [chromium] › tests\e2e\11-settings.spec.js:307:5 › Settings - UI Elements › should show height input field 

    Error: [2mexpect([22m[31mreceived[39m[2m).[22mnot[2m.[22mtoBeNull[2m()[22m

    Received: [31mnull[39m

      311 |
      312 |         const heightInput = await page.$('#height');
    > 313 |         expect(heightInput).not.toBeNull();
          |                                 ^
      314 |     });
      315 |
      316 |     test('should show goal weight input field', async ({ page }) => {
        at c:\Users\aland\Documents\reta\tests\e2e\11-settings.spec.js:313:33

    attachment #1: screenshot (image/png) ──────────────────────────────────────────────────────────
    test-results\e2e-11-settings-Settings---007f8-uld-show-height-input-field-chromium\test-failed-1.png
    ────────────────────────────────────────────────────────────────────────────────────────────────

    attachment #2: video (video/webm) ──────────────────────────────────────────────────────────────
    test-results\e2e-11-settings-Settings---007f8-uld-show-height-input-field-chromium\video.webm
    ────────────────────────────────────────────────────────────────────────────────────────────────

    Error Context: test-results\e2e-11-settings-Settings---007f8-uld-show-height-input-field-chromium\error-context.md

  62) [chromium] › tests\e2e\11-settings.spec.js:355:5 › Settings - Input Validation › should accept decimal values for height 

    [31mTest timeout of 30000ms exceeded.[39m

    Error: page.fill: Test timeout of 30000ms exceeded.
    Call log:
    [2m  - waiting for locator('#height')[22m


      358 |         await navigateToTab(page, 'settings');
      359 |
    > 360 |         await page.fill('#height', '175.5');
          |                    ^
      361 |
      362 |         await page.evaluate(() => {
      363 |             const event = new Event('change', { bubbles: true });
        at c:\Users\aland\Documents\reta\tests\e2e\11-settings.spec.js:360:20

    attachment #1: screenshot (image/png) ──────────────────────────────────────────────────────────
    test-results\e2e-11-settings-Settings---1d1f5-t-decimal-values-for-height-chromium\test-failed-1.png
    ────────────────────────────────────────────────────────────────────────────────────────────────

    attachment #2: video (video/webm) ──────────────────────────────────────────────────────────────
    test-results\e2e-11-settings-Settings---1d1f5-t-decimal-values-for-height-chromium\video.webm
    ────────────────────────────────────────────────────────────────────────────────────────────────

    Error Context: test-results\e2e-11-settings-Settings---1d1f5-t-decimal-values-for-height-chromium\error-context.md

  63) [chromium] › tests\e2e\11-settings.spec.js:391:5 › Settings - Input Validation › should reject invalid height values 

    [31mTest timeout of 30000ms exceeded.[39m

    Error: page.fill: Test timeout of 30000ms exceeded.
    Call log:
    [2m  - waiting for locator('#height')[22m


      394 |         await navigateToTab(page, 'settings');
      395 |
    > 396 |         await page.fill('#height', 'not-a-number');
          |                    ^
      397 |
      398 |         const heightInput = await page.$('#height');
      399 |         const isValid = await heightInput.evaluate(input => input.checkValidity());
        at c:\Users\aland\Documents\reta\tests\e2e\11-settings.spec.js:396:20

    attachment #1: screenshot (image/png) ──────────────────────────────────────────────────────────
    test-results\e2e-11-settings-Settings---2c972-eject-invalid-height-values-chromium\test-failed-1.png
    ────────────────────────────────────────────────────────────────────────────────────────────────

    attachment #2: video (video/webm) ──────────────────────────────────────────────────────────────
    test-results\e2e-11-settings-Settings---2c972-eject-invalid-height-values-chromium\video.webm
    ────────────────────────────────────────────────────────────────────────────────────────────────

    Error Context: test-results\e2e-11-settings-Settings---2c972-eject-invalid-height-values-chromium\error-context.md

  64) [chromium] › tests\e2e\11-settings.spec.js:404:5 › Settings - Input Validation › should reject invalid goal weight values 

    Error: page.fill: Error: Cannot type text into input[type=number]
    Call log:
    [2m  - waiting for locator('#goal-weight')[22m
    [2m    - locator resolved to <input min="0" max="300" step="0.1" type="number" id="goal-weight" placeholder="Enter goal weight"/>[22m
    [2m    - fill("not-a-number")[22m
    [2m  - attempting fill action[22m
    [2m    - waiting for element to be visible, enabled and editable[22m


      407 |         await navigateToTab(page, 'settings');
      408 |
    > 409 |         await page.fill('#goal-weight', 'not-a-number');
          |                    ^
      410 |
      411 |         const goalInput = await page.$('#goal-weight');
      412 |         const isValid = await goalInput.evaluate(input => input.checkValidity());
        at c:\Users\aland\Documents\reta\tests\e2e\11-settings.spec.js:409:20

    attachment #1: screenshot (image/png) ──────────────────────────────────────────────────────────
    test-results\e2e-11-settings-Settings---3d448--invalid-goal-weight-values-chromium\test-failed-1.png
    ────────────────────────────────────────────────────────────────────────────────────────────────

    attachment #2: video (video/webm) ──────────────────────────────────────────────────────────────
    test-results\e2e-11-settings-Settings---3d448--invalid-goal-weight-values-chromium\video.webm
    ────────────────────────────────────────────────────────────────────────────────────────────────

    Error Context: test-results\e2e-11-settings-Settings---3d448--invalid-goal-weight-values-chromium\error-context.md

  65) [chromium] › tests\e2e\11-settings.spec.js:425:5 › Settings - Save Indicator › should show save indicator when settings change 

    [31mTest timeout of 30000ms exceeded.[39m

    Error: page.fill: Test timeout of 30000ms exceeded.
    Call log:
    [2m  - waiting for locator('#height')[22m


      428 |         await navigateToTab(page, 'settings');
      429 |
    > 430 |         await page.fill('#height', '175');
          |                    ^
      431 |
      432 |         await page.evaluate(() => {
      433 |             const event = new Event('change', { bubbles: true });
        at c:\Users\aland\Documents\reta\tests\e2e\11-settings.spec.js:430:20

    attachment #1: screenshot (image/png) ──────────────────────────────────────────────────────────
    test-results\e2e-11-settings-Settings---c8440-icator-when-settings-change-chromium\test-failed-1.png
    ────────────────────────────────────────────────────────────────────────────────────────────────

    attachment #2: video (video/webm) ──────────────────────────────────────────────────────────────
    test-results\e2e-11-settings-Settings---c8440-icator-when-settings-change-chromium\video.webm
    ────────────────────────────────────────────────────────────────────────────────────────────────

    Error Context: test-results\e2e-11-settings-Settings---c8440-icator-when-settings-change-chromium\error-context.md

  66) [chromium] › tests\smoke\pre-deploy.spec.js:38:3 › Pre-Deployment Smoke Tests › APP LOADS: Application loads without JavaScript errors 

    ReferenceError: reloadPage is not defined

      33 |     await page.goto('http://localhost:3000/?test=true');
      34 |     await clearAllStorage(page);
    > 35 |     await reloadPage(page);
         |     ^
      36 |   });
      37 |
      38 |   test('APP LOADS: Application loads without JavaScript errors', async ({ page }) => {
        at c:\Users\aland\Documents\reta\tests\smoke\pre-deploy.spec.js:35:5

    attachment #1: screenshot (image/png) ──────────────────────────────────────────────────────────
    test-results\smoke-pre-deploy-Pre-Deplo-9d20c-s-without-JavaScript-errors-chromium\test-failed-1.png
    ────────────────────────────────────────────────────────────────────────────────────────────────

    attachment #2: video (video/webm) ──────────────────────────────────────────────────────────────
    test-results\smoke-pre-deploy-Pre-Deplo-9d20c-s-without-JavaScript-errors-chromium\video.webm
    ────────────────────────────────────────────────────────────────────────────────────────────────

    Error Context: test-results\smoke-pre-deploy-Pre-Deplo-9d20c-s-without-JavaScript-errors-chromium\error-context.md

  67) [chromium] › tests\smoke\pre-deploy.spec.js:61:3 › Pre-Deployment Smoke Tests › INJECTION CREATE: Can add a new injection 

    ReferenceError: reloadPage is not defined

      33 |     await page.goto('http://localhost:3000/?test=true');
      34 |     await clearAllStorage(page);
    > 35 |     await reloadPage(page);
         |     ^
      36 |   });
      37 |
      38 |   test('APP LOADS: Application loads without JavaScript errors', async ({ page }) => {
        at c:\Users\aland\Documents\reta\tests\smoke\pre-deploy.spec.js:35:5

    attachment #1: screenshot (image/png) ──────────────────────────────────────────────────────────
    test-results\smoke-pre-deploy-Pre-Deplo-fa9ed-ATE-Can-add-a-new-injection-chromium\test-failed-1.png
    ────────────────────────────────────────────────────────────────────────────────────────────────

    attachment #2: video (video/webm) ──────────────────────────────────────────────────────────────
    test-results\smoke-pre-deploy-Pre-Deplo-fa9ed-ATE-Can-add-a-new-injection-chromium\video.webm
    ────────────────────────────────────────────────────────────────────────────────────────────────

    Error Context: test-results\smoke-pre-deploy-Pre-Deplo-fa9ed-ATE-Can-add-a-new-injection-chromium\error-context.md

  68) [chromium] › tests\smoke\pre-deploy.spec.js:92:3 › Pre-Deployment Smoke Tests › VIAL CREATE: Can add a new vial 

    ReferenceError: reloadPage is not defined

      33 |     await page.goto('http://localhost:3000/?test=true');
      34 |     await clearAllStorage(page);
    > 35 |     await reloadPage(page);
         |     ^
      36 |   });
      37 |
      38 |   test('APP LOADS: Application loads without JavaScript errors', async ({ page }) => {
        at c:\Users\aland\Documents\reta\tests\smoke\pre-deploy.spec.js:35:5

    attachment #1: screenshot (image/png) ──────────────────────────────────────────────────────────
    test-results\smoke-pre-deploy-Pre-Deplo-30d00-L-CREATE-Can-add-a-new-vial-chromium\test-failed-1.png
    ────────────────────────────────────────────────────────────────────────────────────────────────

    attachment #2: video (video/webm) ──────────────────────────────────────────────────────────────
    test-results\smoke-pre-deploy-Pre-Deplo-30d00-L-CREATE-Can-add-a-new-vial-chromium\video.webm
    ────────────────────────────────────────────────────────────────────────────────────────────────

    Error Context: test-results\smoke-pre-deploy-Pre-Deplo-30d00-L-CREATE-Can-add-a-new-vial-chromium\error-context.md

  69) [chromium] › tests\smoke\pre-deploy.spec.js:117:3 › Pre-Deployment Smoke Tests › WEIGHT CREATE: Can add a new weight entry 

    ReferenceError: reloadPage is not defined

      33 |     await page.goto('http://localhost:3000/?test=true');
      34 |     await clearAllStorage(page);
    > 35 |     await reloadPage(page);
         |     ^
      36 |   });
      37 |
      38 |   test('APP LOADS: Application loads without JavaScript errors', async ({ page }) => {
        at c:\Users\aland\Documents\reta\tests\smoke\pre-deploy.spec.js:35:5

    attachment #1: screenshot (image/png) ──────────────────────────────────────────────────────────
    test-results\smoke-pre-deploy-Pre-Deplo-a0d45--Can-add-a-new-weight-entry-chromium\test-failed-1.png
    ────────────────────────────────────────────────────────────────────────────────────────────────

    attachment #2: video (video/webm) ──────────────────────────────────────────────────────────────
    test-results\smoke-pre-deploy-Pre-Deplo-a0d45--Can-add-a-new-weight-entry-chromium\video.webm
    ────────────────────────────────────────────────────────────────────────────────────────────────

    Error Context: test-results\smoke-pre-deploy-Pre-Deplo-a0d45--Can-add-a-new-weight-entry-chromium\error-context.md

  70) [chromium] › tests\smoke\pre-deploy.spec.js:140:3 › Pre-Deployment Smoke Tests › DATA PERSISTENCE: Data survives page reload 

    ReferenceError: reloadPage is not defined

      33 |     await page.goto('http://localhost:3000/?test=true');
      34 |     await clearAllStorage(page);
    > 35 |     await reloadPage(page);
         |     ^
      36 |   });
      37 |
      38 |   test('APP LOADS: Application loads without JavaScript errors', async ({ page }) => {
        at c:\Users\aland\Documents\reta\tests\smoke\pre-deploy.spec.js:35:5

    attachment #1: screenshot (image/png) ──────────────────────────────────────────────────────────
    test-results\smoke-pre-deploy-Pre-Deplo-2b7d9-E-Data-survives-page-reload-chromium\test-failed-1.png
    ────────────────────────────────────────────────────────────────────────────────────────────────

    attachment #2: video (video/webm) ──────────────────────────────────────────────────────────────
    test-results\smoke-pre-deploy-Pre-Deplo-2b7d9-E-Data-survives-page-reload-chromium\video.webm
    ────────────────────────────────────────────────────────────────────────────────────────────────

    Error Context: test-results\smoke-pre-deploy-Pre-Deplo-2b7d9-E-Data-survives-page-reload-chromium\error-context.md

  71) [chromium] › tests\smoke\pre-deploy.spec.js:165:3 › Pre-Deployment Smoke Tests › SYNC QUEUE: Sync queue initializes correctly 

    ReferenceError: reloadPage is not defined

      33 |     await page.goto('http://localhost:3000/?test=true');
      34 |     await clearAllStorage(page);
    > 35 |     await reloadPage(page);
         |     ^
      36 |   });
      37 |
      38 |   test('APP LOADS: Application loads without JavaScript errors', async ({ page }) => {
        at c:\Users\aland\Documents\reta\tests\smoke\pre-deploy.spec.js:35:5

    attachment #1: screenshot (image/png) ──────────────────────────────────────────────────────────
    test-results\smoke-pre-deploy-Pre-Deplo-024c4-queue-initializes-correctly-chromium\test-failed-1.png
    ────────────────────────────────────────────────────────────────────────────────────────────────

    attachment #2: video (video/webm) ──────────────────────────────────────────────────────────────
    test-results\smoke-pre-deploy-Pre-Deplo-024c4-queue-initializes-correctly-chromium\video.webm
    ────────────────────────────────────────────────────────────────────────────────────────────────

    Error Context: test-results\smoke-pre-deploy-Pre-Deplo-024c4-queue-initializes-correctly-chromium\error-context.md

  72) [chromium] › tests\smoke\pre-deploy.spec.js:179:3 › Pre-Deployment Smoke Tests › VALIDATION: Form validation prevents invalid data 

    ReferenceError: reloadPage is not defined

      33 |     await page.goto('http://localhost:3000/?test=true');
      34 |     await clearAllStorage(page);
    > 35 |     await reloadPage(page);
         |     ^
      36 |   });
      37 |
      38 |   test('APP LOADS: Application loads without JavaScript errors', async ({ page }) => {
        at c:\Users\aland\Documents\reta\tests\smoke\pre-deploy.spec.js:35:5

    attachment #1: screenshot (image/png) ──────────────────────────────────────────────────────────
    test-results\smoke-pre-deploy-Pre-Deplo-83280-ation-prevents-invalid-data-chromium\test-failed-1.png
    ────────────────────────────────────────────────────────────────────────────────────────────────

    attachment #2: video (video/webm) ──────────────────────────────────────────────────────────────
    test-results\smoke-pre-deploy-Pre-Deplo-83280-ation-prevents-invalid-data-chromium\video.webm
    ────────────────────────────────────────────────────────────────────────────────────────────────

    Error Context: test-results\smoke-pre-deploy-Pre-Deplo-83280-ation-prevents-invalid-data-chromium\error-context.md

  73) [chromium] › tests\smoke\pre-deploy.spec.js:209:3 › Pre-Deployment Smoke Tests › TABS: All tabs are clickable and functional 

    ReferenceError: reloadPage is not defined

      33 |     await page.goto('http://localhost:3000/?test=true');
      34 |     await clearAllStorage(page);
    > 35 |     await reloadPage(page);
         |     ^
      36 |   });
      37 |
      38 |   test('APP LOADS: Application loads without JavaScript errors', async ({ page }) => {
        at c:\Users\aland\Documents\reta\tests\smoke\pre-deploy.spec.js:35:5

    attachment #1: screenshot (image/png) ──────────────────────────────────────────────────────────
    test-results\smoke-pre-deploy-Pre-Deplo-4e1c4-re-clickable-and-functional-chromium\test-failed-1.png
    ────────────────────────────────────────────────────────────────────────────────────────────────

    attachment #2: video (video/webm) ──────────────────────────────────────────────────────────────
    test-results\smoke-pre-deploy-Pre-Deplo-4e1c4-re-clickable-and-functional-chromium\video.webm
    ────────────────────────────────────────────────────────────────────────────────────────────────

    Error Context: test-results\smoke-pre-deploy-Pre-Deplo-4e1c4-re-clickable-and-functional-chromium\error-context.md

  74) [chromium] › tests\smoke\pre-deploy.spec.js:224:3 › Pre-Deployment Smoke Tests › DEDUPLICATION: Duplicate detection works 

    ReferenceError: reloadPage is not defined

      33 |     await page.goto('http://localhost:3000/?test=true');
      34 |     await clearAllStorage(page);
    > 35 |     await reloadPage(page);
         |     ^
      36 |   });
      37 |
      38 |   test('APP LOADS: Application loads without JavaScript errors', async ({ page }) => {
        at c:\Users\aland\Documents\reta\tests\smoke\pre-deploy.spec.js:35:5

    attachment #1: screenshot (image/png) ──────────────────────────────────────────────────────────
    test-results\smoke-pre-deploy-Pre-Deplo-9dd43-N-Duplicate-detection-works-chromium\test-failed-1.png
    ────────────────────────────────────────────────────────────────────────────────────────────────

    attachment #2: video (video/webm) ──────────────────────────────────────────────────────────────
    test-results\smoke-pre-deploy-Pre-Deplo-9dd43-N-Duplicate-detection-works-chromium\video.webm
    ────────────────────────────────────────────────────────────────────────────────────────────────

    Error Context: test-results\smoke-pre-deploy-Pre-Deplo-9dd43-N-Duplicate-detection-works-chromium\error-context.md

  75) [chromium] › tests\smoke\pre-deploy.spec.js:264:3 › Pre-Deployment Smoke Tests › CRITICAL PATHS: No errors in console during basic operations 

    ReferenceError: reloadPage is not defined

      33 |     await page.goto('http://localhost:3000/?test=true');
      34 |     await clearAllStorage(page);
    > 35 |     await reloadPage(page);
         |     ^
      36 |   });
      37 |
      38 |   test('APP LOADS: Application loads without JavaScript errors', async ({ page }) => {
        at c:\Users\aland\Documents\reta\tests\smoke\pre-deploy.spec.js:35:5

    attachment #1: screenshot (image/png) ──────────────────────────────────────────────────────────
    test-results\smoke-pre-deploy-Pre-Deplo-05b64-ole-during-basic-operations-chromium\test-failed-1.png
    ────────────────────────────────────────────────────────────────────────────────────────────────

    attachment #2: video (video/webm) ──────────────────────────────────────────────────────────────
    test-results\smoke-pre-deploy-Pre-Deplo-05b64-ole-during-basic-operations-chromium\video.webm
    ────────────────────────────────────────────────────────────────────────────────────────────────

    Error Context: test-results\smoke-pre-deploy-Pre-Deplo-05b64-ole-during-basic-operations-chromium\error-context.md

  75 failed
    [chromium] › tests\e2e\01-injection-crud.spec.js:119:5 › Injection CRUD Operations › CREATE Operations › should show injection in table after creation 
    [chromium] › tests\e2e\01-injection-crud.spec.js:145:5 › Injection CRUD Operations › CREATE Operations › should reset form after successful submission (FIX_SUMMARY bug) 
    [chromium] › tests\e2e\01-injection-crud.spec.js:292:5 › Injection CRUD Operations › VALIDATION › should validate all injection site values 
    [chromium] › tests\e2e\01-injection-crud.spec.js:325:5 › Injection CRUD Operations › DELETE Operations › should delete an injection 
    [chromium] › tests\e2e\01-injection-crud.spec.js:358:5 › Injection CRUD Operations › DELETE Operations › should persist deletion after page reload 
    [chromium] › tests\e2e\02-vial-crud.spec.js:51:5 › Vial CRUD Operations › CREATE Operations - Dry Stock › should create a dry stock vial with all fields 
    [chromium] › tests\e2e\02-vial-crud.spec.js:87:5 › Vial CRUD Operations › CREATE Operations - Dry Stock › should create dry stock with minimal fields 
    [chromium] › tests\e2e\02-vial-crud.spec.js:105:5 › Vial CRUD Operations › CREATE Operations - Dry Stock › should show dry stock vial in inventory table 
    [chromium] › tests\e2e\02-vial-crud.spec.js:125:5 › Vial CRUD Operations › ACTIVATE Operations - Reconstitution › should activate a dry stock vial 
    [chromium] › tests\e2e\02-vial-crud.spec.js:164:5 › Vial CRUD Operations › ACTIVATE Operations - Reconstitution › should calculate concentration correctly 
    [chromium] › tests\e2e\02-vial-crud.spec.js:196:5 › Vial CRUD Operations › ACTIVATE Operations - Reconstitution › should calculate expiration date (30 days after reconstitution) 
    [chromium] › tests\e2e\02-vial-crud.spec.js:226:5 › Vial CRUD Operations › USAGE TRACKING › should decrease remaining_ml when injection uses vial 
    [chromium] › tests\e2e\02-vial-crud.spec.js:262:5 › Vial CRUD Operations › USAGE TRACKING › should track multiple injections from same vial 
    [chromium] › tests\e2e\02-vial-crud.spec.js:295:5 › Vial CRUD Operations › USAGE TRACKING › should sync both remaining_ml and current_volume_ml (Phase 1A fix) 
    [chromium] › tests\e2e\02-vial-crud.spec.js:327:5 › Vial CRUD Operations › STATUS TRANSITIONS › should transition from active to insufficient when low volume 
    [chromium] › tests\e2e\02-vial-crud.spec.js:361:5 › Vial CRUD Operations › STATUS TRANSITIONS › should transition to empty when volume reaches zero 
    [chromium] › tests\e2e\02-vial-crud.spec.js:396:5 › Vial CRUD Operations › DELETE Operations › should delete a vial with no injections 
    [chromium] › tests\e2e\02-vial-crud.spec.js:467:5 › Vial CRUD Operations › DELETE Operations › should persist vial deletion after reload 
    [chromium] › tests\e2e\02-vial-crud.spec.js:518:5 › Vial CRUD Operations › DATA PERSISTENCE › should persist vial status changes 
    [chromium] › tests\e2e\02-vial-crud.spec.js:545:5 › Vial CRUD Operations › VALIDATION › should reject negative total_mg 
    [chromium] › tests\e2e\02-vial-crud.spec.js:564:5 › Vial CRUD Operations › VALIDATION › should reject unrealistic total_mg values 
    [chromium] › tests\e2e\02-vial-crud.spec.js:581:5 › Vial CRUD Operations › VALIDATION › should validate bac water volume on activation 
    [chromium] › tests\e2e\03-sync-queue.spec.js:479:5 › Sync Queue - Edge Cases › should handle corrupted queue gracefully 
    [chromium] › tests\e2e\04-pending-deletions.spec.js:361:5 › Pending Deletions - Edge Cases › should handle corrupted pending deletions gracefully 
    [chromium] › tests\e2e\06-fix-summary-regressions.spec.js:170:5 › FIX_SUMMARY Regression - Bug #2: Form Reset After Submission › should reset form after successful submission (prevents accidental duplicates) 
    [chromium] › tests\e2e\06-fix-summary-regressions.spec.js:206:5 › FIX_SUMMARY Regression - Bug #2: Form Reset After Submission › should not create duplicates from confused users (full scenario) 
    [chromium] › tests\e2e\06-fix-summary-regressions.spec.js:252:5 › FIX_SUMMARY Regression - Bug #3: Input Validation › should validate dose is between 0-50mg 
    [chromium] › tests\e2e\06-fix-summary-regressions.spec.js:281:5 › FIX_SUMMARY Regression - Bug #3: Input Validation › should require vial selection 
    [chromium] › tests\e2e\06-fix-summary-regressions.spec.js:309:5 › FIX_SUMMARY Regression - Bug #3: Input Validation › should reject NaN values 
    [chromium] › tests\e2e\06-fix-summary-regressions.spec.js:478:5 › FIX_SUMMARY Regression - Integration Test › should prevent all FIX_SUMMARY bugs in realistic workflow 
    [chromium] › tests\e2e\07-weight-crud.spec.js:167:5 › Weight CRUD - BMI Calculation › should calculate BMI when height is set in settings 
    [chromium] › tests\e2e\07-weight-crud.spec.js:211:5 › Weight CRUD - BMI Calculation › should calculate correct BMI for different heights 
    [chromium] › tests\e2e\07-weight-crud.spec.js:364:5 › Weight CRUD - DATA PERSISTENCE › should maintain weight order by timestamp (newest first) 
    [chromium] › tests\e2e\07-weight-crud.spec.js:439:5 › Weight CRUD - VALIDATION › should validate weight_kg is not zero 
    [chromium] › tests\e2e\07-weight-crud.spec.js:519:5 › Weight CRUD - Weight Tracking › should track weight history over time 
    [chromium] › tests\e2e\07-weight-crud.spec.js:539:5 › Weight CRUD - Weight Tracking › should calculate weight change (first - last) 
    [chromium] › tests\e2e\07-weight-crud.spec.js:556:5 › Weight CRUD - Weight Tracking › should handle weight gain (negative change) 
    [chromium] › tests\e2e\08-calculations.spec.js:81:5 › Calculations - Medication Level › should calculate sum of multiple injections 
    [chromium] › tests\e2e\08-calculations.spec.js:448:5 › Calculations - BMI Edge Cases › should calculate BMI at extreme low height (140cm) 
    [chromium] › tests\e2e\08-calculations.spec.js:467:5 › Calculations - BMI Edge Cases › should calculate BMI at extreme high height (220cm) 
    [chromium] › tests\e2e\08-calculations.spec.js:485:5 › Calculations - BMI Edge Cases › should calculate BMI at low weight (40kg) 
    [chromium] › tests\e2e\08-calculations.spec.js:503:5 › Calculations - BMI Edge Cases › should calculate BMI at high weight (150kg) 
    [chromium] › tests\e2e\08-calculations.spec.js:521:5 › Calculations - BMI Edge Cases › should handle BMI categories correctly 
    [chromium] › tests\e2e\09-visual-validation.spec.js:62:5 › Visual Validation - Supply Forecast Indicators › should show warning indicator when supply < 4 weeks 
    [chromium] › tests\e2e\09-visual-validation.spec.js:232:5 › Visual Validation - UI State › should show data rows when data exists 
    [chromium] › tests\e2e\09-visual-validation.spec.js:262:5 › Visual Validation - UI State › should show modal when opened 
    [chromium] › tests\e2e\09-visual-validation.spec.js:277:5 › Visual Validation - UI State › should show form validation state (invalid input) 
    [chromium] › tests\e2e\09-visual-validation.spec.js:397:5 › Visual Validation - Loading States › should show save indicator after data save 
    [chromium] › tests\e2e\09-visual-validation.spec.js:446:5 › Visual Validation - Responsive Elements › should show navigation buttons 
    [chromium] › tests\e2e\09-visual-validation.spec.js:454:5 › Visual Validation - Responsive Elements › should show action buttons on each tab 
    [chromium] › tests\e2e\09-visual-validation.spec.js:474:5 › Visual Validation - Responsive Elements › should render tables with headers 
    [chromium] › tests\e2e\10-chart-rendering.spec.js:129:5 › Chart Rendering - Weight Chart › should handle empty chart (no weights) 
    [chromium] › tests\e2e\10-chart-rendering.spec.js:321:5 › Chart Rendering - Chart Container › should have canvas element inside container 
    [chromium] › tests\e2e\11-settings.spec.js:36:5 › Settings - Height Configuration › should save height setting 
    [chromium] › tests\e2e\11-settings.spec.js:57:5 › Settings - Height Configuration › should persist height across reload 
    [chromium] › tests\e2e\11-settings.spec.js:68:5 › Settings - Height Configuration › should affect BMI calculation when height is set 
    [chromium] › tests\e2e\11-settings.spec.js:101:5 › Settings - Height Configuration › should validate height is positive 
    [chromium] › tests\e2e\11-settings.spec.js:115:5 › Settings - Height Configuration › should validate height is realistic (< 300cm) 
    [chromium] › tests\e2e\11-settings.spec.js:263:5 › Settings - Data Persistence › should update settings without affecting data 
    [chromium] › tests\e2e\11-settings.spec.js:299:5 › Settings - UI Elements › should show settings tab 
    [chromium] › tests\e2e\11-settings.spec.js:307:5 › Settings - UI Elements › should show height input field 
    [chromium] › tests\e2e\11-settings.spec.js:355:5 › Settings - Input Validation › should accept decimal values for height 
    [chromium] › tests\e2e\11-settings.spec.js:391:5 › Settings - Input Validation › should reject invalid height values 
    [chromium] › tests\e2e\11-settings.spec.js:404:5 › Settings - Input Validation › should reject invalid goal weight values 
    [chromium] › tests\e2e\11-settings.spec.js:425:5 › Settings - Save Indicator › should show save indicator when settings change 
    [chromium] › tests\smoke\pre-deploy.spec.js:38:3 › Pre-Deployment Smoke Tests › APP LOADS: Application loads without JavaScript errors 
    [chromium] › tests\smoke\pre-deploy.spec.js:61:3 › Pre-Deployment Smoke Tests › INJECTION CREATE: Can add a new injection 
    [chromium] › tests\smoke\pre-deploy.spec.js:92:3 › Pre-Deployment Smoke Tests › VIAL CREATE: Can add a new vial 
    [chromium] › tests\smoke\pre-deploy.spec.js:117:3 › Pre-Deployment Smoke Tests › WEIGHT CREATE: Can add a new weight entry 
    [chromium] › tests\smoke\pre-deploy.spec.js:140:3 › Pre-Deployment Smoke Tests › DATA PERSISTENCE: Data survives page reload 
    [chromium] › tests\smoke\pre-deploy.spec.js:165:3 › Pre-Deployment Smoke Tests › SYNC QUEUE: Sync queue initializes correctly 
    [chromium] › tests\smoke\pre-deploy.spec.js:179:3 › Pre-Deployment Smoke Tests › VALIDATION: Form validation prevents invalid data 
    [chromium] › tests\smoke\pre-deploy.spec.js:209:3 › Pre-Deployment Smoke Tests › TABS: All tabs are clickable and functional 
    [chromium] › tests\smoke\pre-deploy.spec.js:224:3 › Pre-Deployment Smoke Tests › DEDUPLICATION: Duplicate detection works 
    [chromium] › tests\smoke\pre-deploy.spec.js:264:3 › Pre-Deployment Smoke Tests › CRITICAL PATHS: No errors in console during basic operations 
  142 passed (8.4m)
